[    0.000000] Linux version 4.10.0-28-generic (buildd@lgw01-12) (gcc version 5.4.0 20160609 (Ubuntu 5.4.0-6ubuntu1~16.04.4) ) #32~16.04.2-Ubuntu SMP Thu Jul 20 10:19:48 UTC 2017 (Ubuntu 4.10.0-28.32~16.04.2-generic 4.10.17)
[    0.000000] Command line: BOOT_IMAGE=/boot/vmlinuz-4.10.0-28-generic root=UUID=ccbc5d52-4c18-45bf-9a82-e9dd4d6d954f ro find_preseed=/preseed.cfg auto noprompt priority=critical locale=en_US quiet
[    0.000000] KERNEL supported cpus:
[    0.000000]   Intel GenuineIntel
[    0.000000]   AMD AuthenticAMD
[    0.000000]   Centaur CentaurHauls
[    0.000000] x86/fpu: Supporting XSAVE feature 0x001: 'x87 floating point registers'
[    0.000000] x86/fpu: Supporting XSAVE feature 0x002: 'SSE registers'
[    0.000000] x86/fpu: Supporting XSAVE feature 0x004: 'AVX registers'
[    0.000000] x86/fpu: xstate_offset[2]:  576, xstate_sizes[2]:  256
[    0.000000] x86/fpu: Enabled xstate features 0x7, context size is 832 bytes, using 'standard' format.
[    0.000000] e820: BIOS-provided physical RAM map:
[    0.000000] BIOS-e820: [mem 0x0000000000000000-0x000000000009fbff] usable
[    0.000000] BIOS-e820: [mem 0x000000000009fc00-0x000000000009ffff] reserved
[    0.000000] BIOS-e820: [mem 0x00000000000f0000-0x00000000000fffff] reserved
[    0.000000] BIOS-e820: [mem 0x0000000000100000-0x00000000dffeffff] usable
[    0.000000] BIOS-e820: [mem 0x00000000dfff0000-0x00000000dfffffff] ACPI data
[    0.000000] BIOS-e820: [mem 0x00000000fec00000-0x00000000fec00fff] reserved
[    0.000000] BIOS-e820: [mem 0x00000000fee00000-0x00000000fee00fff] reserved
[    0.000000] BIOS-e820: [mem 0x00000000fffc0000-0x00000000ffffffff] reserved
[    0.000000] BIOS-e820: [mem 0x0000000100000000-0x000000011fffffff] usable
[    0.000000] NX (Execute Disable) protection: active
[    0.000000] SMBIOS 2.5 present.
[    0.000000] DMI: innotek GmbH VirtualBox/VirtualBox, BIOS VirtualBox 12/01/2006
[    0.000000] Hypervisor detected: KVM
[    0.000000] e820: update [mem 0x00000000-0x00000fff] usable ==> reserved
[    0.000000] e820: remove [mem 0x000a0000-0x000fffff] usable
[    0.000000] e820: last_pfn = 0x120000 max_arch_pfn = 0x400000000
[    0.000000] MTRR default type: uncachable
[    0.000000] MTRR variable ranges disabled:
[    0.000000] MTRR: Disabled
[    0.000000] x86/PAT: MTRRs disabled, skipping PAT initialization too.
[    0.000000] x86/PAT: Configuration [0-7]: WB  WT  UC- UC  WB  WT  UC- UC  
[    0.000000] CPU MTRRs all blank - virtualized system.
[    0.000000] e820: last_pfn = 0xdfff0 max_arch_pfn = 0x400000000
[    0.000000] found SMP MP-table at [mem 0x0009fff0-0x0009ffff] mapped at [ffff8e78c009fff0]
[    0.000000] Scanning 1 areas for low memory corruption
[    0.000000] Base memory trampoline at [ffff8e78c0099000] 99000 size 24576
[    0.000000] BRK [0x109a28000, 0x109a28fff] PGTABLE
[    0.000000] BRK [0x109a29000, 0x109a29fff] PGTABLE
[    0.000000] BRK [0x109a2a000, 0x109a2afff] PGTABLE
[    0.000000] BRK [0x109a2b000, 0x109a2bfff] PGTABLE
[    0.000000] BRK [0x109a2c000, 0x109a2cfff] PGTABLE
[    0.000000] BRK [0x109a2d000, 0x109a2dfff] PGTABLE
[    0.000000] BRK [0x109a2e000, 0x109a2efff] PGTABLE
[    0.000000] BRK [0x109a2f000, 0x109a2ffff] PGTABLE
[    0.000000] BRK [0x109a30000, 0x109a30fff] PGTABLE
[    0.000000] RAMDISK: [mem 0x3301e000-0x35806fff]
[    0.000000] ACPI: Early table checksum verification disabled
[    0.000000] ACPI: RSDP 0x00000000000E0000 000024 (v02 VBOX  )
[    0.000000] ACPI: XSDT 0x00000000DFFF0030 00003C (v01 VBOX   VBOXXSDT 00000001 ASL  00000061)
[    0.000000] ACPI: FACP 0x00000000DFFF00F0 0000F4 (v04 VBOX   VBOXFACP 00000001 ASL  00000061)
[    0.000000] ACPI: DSDT 0x00000000DFFF0470 0021C8 (v02 VBOX   VBOXBIOS 00000002 INTL 20100528)
[    0.000000] ACPI: FACS 0x00000000DFFF0200 000040
[    0.000000] ACPI: FACS 0x00000000DFFF0200 000040
[    0.000000] ACPI: APIC 0x00000000DFFF0240 00005C (v02 VBOX   VBOXAPIC 00000001 ASL  00000061)
[    0.000000] ACPI: SSDT 0x00000000DFFF02A0 0001CC (v01 VBOX   VBOXCPUT 00000002 INTL 20100528)
[    0.000000] ACPI: Local APIC address 0xfee00000
[    0.000000] No NUMA configuration found
[    0.000000] Faking a node at [mem 0x0000000000000000-0x000000011fffffff]
[    0.000000] NODE_DATA(0) allocated [mem 0x11ffd5000-0x11fffffff]
[    0.000000] kvm-clock: Using msrs 4b564d01 and 4b564d00
[    0.000000] kvm-clock: cpu 0, msr 1:1ff55001, primary cpu clock
[    0.000000] kvm-clock: using sched offset of 101414640512075 cycles
[    0.000000] clocksource: kvm-clock: mask: 0xffffffffffffffff max_cycles: 0x1cd42e4dffb, max_idle_ns: 881590591483 ns
[    0.000000] Zone ranges:
[    0.000000]   DMA      [mem 0x0000000000001000-0x0000000000ffffff]
[    0.000000]   DMA32    [mem 0x0000000001000000-0x00000000ffffffff]
[    0.000000]   Normal   [mem 0x0000000100000000-0x000000011fffffff]
[    0.000000]   Device   empty
[    0.000000] Movable zone start for each node
[    0.000000] Early memory node ranges
[    0.000000]   node   0: [mem 0x0000000000001000-0x000000000009efff]
[    0.000000]   node   0: [mem 0x0000000000100000-0x00000000dffeffff]
[    0.000000]   node   0: [mem 0x0000000100000000-0x000000011fffffff]
[    0.000000] Initmem setup node 0 [mem 0x0000000000001000-0x000000011fffffff]
[    0.000000] On node 0 totalpages: 1048462
[    0.000000]   DMA zone: 64 pages used for memmap
[    0.000000]   DMA zone: 21 pages reserved
[    0.000000]   DMA zone: 3998 pages, LIFO batch:0
[    0.000000]   DMA32 zone: 14272 pages used for memmap
[    0.000000]   DMA32 zone: 913392 pages, LIFO batch:31
[    0.000000]   Normal zone: 2048 pages used for memmap
[    0.000000]   Normal zone: 131072 pages, LIFO batch:31
[    0.000000] ACPI: PM-Timer IO Port: 0x4008
[    0.000000] ACPI: Local APIC address 0xfee00000
[    0.000000] IOAPIC[0]: apic_id 2, version 32, address 0xfec00000, GSI 0-23
[    0.000000] ACPI: INT_SRC_OVR (bus 0 bus_irq 0 global_irq 2 dfl dfl)
[    0.000000] ACPI: INT_SRC_OVR (bus 0 bus_irq 9 global_irq 9 high level)
[    0.000000] ACPI: IRQ0 used by override.
[    0.000000] ACPI: IRQ9 used by override.
[    0.000000] Using ACPI (MADT) for SMP configuration information
[    0.000000] smpboot: Allowing 2 CPUs, 0 hotplug CPUs
[    0.000000] PM: Registered nosave memory: [mem 0x00000000-0x00000fff]
[    0.000000] PM: Registered nosave memory: [mem 0x0009f000-0x0009ffff]
[    0.000000] PM: Registered nosave memory: [mem 0x000a0000-0x000effff]
[    0.000000] PM: Registered nosave memory: [mem 0x000f0000-0x000fffff]
[    0.000000] PM: Registered nosave memory: [mem 0xdfff0000-0xdfffffff]
[    0.000000] PM: Registered nosave memory: [mem 0xe0000000-0xfebfffff]
[    0.000000] PM: Registered nosave memory: [mem 0xfec00000-0xfec00fff]
[    0.000000] PM: Registered nosave memory: [mem 0xfec01000-0xfedfffff]
[    0.000000] PM: Registered nosave memory: [mem 0xfee00000-0xfee00fff]
[    0.000000] PM: Registered nosave memory: [mem 0xfee01000-0xfffbffff]
[    0.000000] PM: Registered nosave memory: [mem 0xfffc0000-0xffffffff]
[    0.000000] e820: [mem 0xe0000000-0xfebfffff] available for PCI devices
[    0.000000] Booting paravirtualized kernel on KVM
[    0.000000] clocksource: refined-jiffies: mask: 0xffffffff max_cycles: 0xffffffff, max_idle_ns: 7645519600211568 ns
[    0.000000] setup_percpu: NR_CPUS:8192 nr_cpumask_bits:2 nr_cpu_ids:2 nr_node_ids:1
[    0.000000] percpu: Embedded 36 pages/cpu @ffff8e79dfc00000 s107992 r8192 d31272 u1048576
[    0.000000] pcpu-alloc: s107992 r8192 d31272 u1048576 alloc=1*2097152
[    0.000000] pcpu-alloc: [0] 0 1 
[    0.000000] PV qspinlock hash table entries: 256 (order: 0, 4096 bytes)
[    0.000000] Built 1 zonelists in Node order, mobility grouping on.  Total pages: 1032057
[    0.000000] Policy zone: Normal
[    0.000000] Kernel command line: BOOT_IMAGE=/boot/vmlinuz-4.10.0-28-generic root=UUID=ccbc5d52-4c18-45bf-9a82-e9dd4d6d954f ro find_preseed=/preseed.cfg auto noprompt priority=critical locale=en_US quiet
[    0.000000] PID hash table entries: 4096 (order: 3, 32768 bytes)
[    0.000000] Calgary: detecting Calgary via BIOS EBDA area
[    0.000000] Calgary: Unable to locate Rio Grande table in EBDA - bailing!
[    0.000000] Memory: 3999684K/4193848K available (9060K kernel code, 1666K rwdata, 3824K rodata, 2228K init, 2364K bss, 194164K reserved, 0K cma-reserved)
[    0.000000] SLUB: HWalign=64, Order=0-3, MinObjects=0, CPUs=2, Nodes=1
[    0.000000] Hierarchical RCU implementation.
[    0.000000] 	Build-time adjustment of leaf fanout to 64.
[    0.000000] 	RCU restricting CPUs from NR_CPUS=8192 to nr_cpu_ids=2.
[    0.000000] RCU: Adjusting geometry for rcu_fanout_leaf=64, nr_cpu_ids=2
[    0.000000] NR_IRQS:524544 nr_irqs:440 16
[    0.000000] Console: colour VGA+ 80x25
[    0.000000] console [tty0] enabled
[    0.000000] tsc: Detected 3491.914 MHz processor
[    0.049618] Calibrating delay loop (skipped) preset value.. 6983.82 BogoMIPS (lpj=13967656)
[    0.049619] pid_max: default: 32768 minimum: 301
[    0.049626] ACPI: Core revision 20160930
[    0.050240] ACPI: 2 ACPI AML tables successfully acquired and loaded
[    0.050256] Security Framework initialized
[    0.050257] Yama: becoming mindful.
[    0.050265] AppArmor: AppArmor initialized
[    0.050611] Dentry cache hash table entries: 524288 (order: 10, 4194304 bytes)
[    0.051423] Inode-cache hash table entries: 262144 (order: 9, 2097152 bytes)
[    0.051620] Mount-cache hash table entries: 8192 (order: 4, 65536 bytes)
[    0.051623] Mountpoint-cache hash table entries: 8192 (order: 4, 65536 bytes)
[    0.051788] CPU: Physical Processor ID: 0
[    0.051788] CPU: Processor Core ID: 0
[    0.051799] mce: CPU supports 0 MCE banks
[    0.051817] Last level iTLB entries: 4KB 1024, 2MB 1024, 4MB 1024
[    0.051818] Last level dTLB entries: 4KB 1024, 2MB 1024, 4MB 1024, 1GB 4
[    0.051908] Freeing SMP alternatives memory: 32K
[    0.052692] ftrace: allocating 34206 entries in 134 pages
[    0.062223] smpboot: Max logical packages: 1
[    0.062442] x2apic enabled
[    0.062620] Switched APIC routing to physical x2apic.
[    0.063474] ..TIMER: vector=0x30 apic1=0 pin1=2 apic2=-1 pin2=-1
[    0.170711] smpboot: CPU0: Intel(R) Core(TM) i5-4690 CPU @ 3.50GHz (family: 0x6, model: 0x3c, stepping: 0x3)
[    0.170767] Performance Events: unsupported p6 CPU model 60 no PMU driver, software events only.
[    0.170786] KVM setup paravirtual spinlock
[    0.171423] smp: Bringing up secondary CPUs ...
[    0.171466] x86: Booting SMP configuration:
[    0.171466] .... node  #0, CPUs:      #1
[    0.171699] kvm-clock: cpu 1, msr 1:1ff55041, secondary cpu clock
[    0.171767] mce: CPU supports 0 MCE banks
[    0.173854] smp: Brought up 1 node, 2 CPUs
[    0.173855] smpboot: Total of 2 processors activated (13967.65 BogoMIPS)
[    0.174533] devtmpfs: initialized
[    0.174571] x86/mm: Memory block size: 128MB
[    0.175700] evm: security.selinux
[    0.175700] evm: security.SMACK64
[    0.175701] evm: security.SMACK64EXEC
[    0.175701] evm: security.SMACK64TRANSMUTE
[    0.175701] evm: security.SMACK64MMAP
[    0.175702] evm: security.ima
[    0.175702] evm: security.capability
[    0.175841] clocksource: jiffies: mask: 0xffffffff max_cycles: 0xffffffff, max_idle_ns: 7645041785100000 ns
[    0.175845] futex hash table entries: 512 (order: 3, 32768 bytes)
[    0.175865] pinctrl core: initialized pinctrl subsystem
[    0.175935] RTC time: 11:19:48, date: 07/29/17
[    0.176031] NET: Registered protocol family 16
[    0.191672] cpuidle: using governor ladder
[    0.203280] cpuidle: using governor menu
[    0.203284] PCCT header not found.
[    0.203346] ACPI: bus type PCI registered
[    0.203347] acpiphp: ACPI Hot Plug PCI Controller Driver version: 0.5
[    0.203442] PCI: Using configuration type 1 for base access
[    0.215942] HugeTLB registered 2 MB page size, pre-allocated 0 pages
[    0.216627] ACPI: Added _OSI(Module Device)
[    0.216628] ACPI: Added _OSI(Processor Device)
[    0.216628] ACPI: Added _OSI(3.0 _SCP Extensions)
[    0.216629] ACPI: Added _OSI(Processor Aggregator Device)
[    0.216951] ACPI: Executed 1 blocks of module-level executable AML code
[    0.219072] ACPI: Interpreter enabled
[    0.219078] ACPI: (supports S0 S5)
[    0.219079] ACPI: Using IOAPIC for interrupt routing
[    0.219178] PCI: Using host bridge windows from ACPI; if necessary, use "pci=nocrs" and report a bug
[    0.221692] ACPI: PCI Root Bridge [PCI0] (domain 0000 [bus 00-ff])
[    0.221695] acpi PNP0A03:00: _OSC: OS supports [ASPM ClockPM Segments MSI]
[    0.221698] acpi PNP0A03:00: _OSC failed (AE_NOT_FOUND); disabling ASPM
[    0.221702] acpi PNP0A03:00: fail to add MMCONFIG information, can't access extended PCI configuration space under this bridge.
[    0.221896] PCI host bridge to bus 0000:00
[    0.221898] pci_bus 0000:00: root bus resource [io  0x0000-0x0cf7 window]
[    0.221898] pci_bus 0000:00: root bus resource [io  0x0d00-0xffff window]
[    0.221899] pci_bus 0000:00: root bus resource [mem 0x000a0000-0x000bffff window]
[    0.221900] pci_bus 0000:00: root bus resource [mem 0xe0000000-0xffdfffff window]
[    0.221901] pci_bus 0000:00: root bus resource [bus 00-ff]
[    0.221927] pci 0000:00:00.0: [8086:1237] type 00 class 0x060000
[    0.222302] pci 0000:00:01.0: [8086:7000] type 00 class 0x060100
[    0.222718] pci 0000:00:01.1: [8086:7111] type 00 class 0x01018a
[    0.223028] pci 0000:00:01.1: reg 0x20: [io  0xd000-0xd00f]
[    0.223160] pci 0000:00:01.1: legacy IDE quirk: reg 0x10: [io  0x01f0-0x01f7]
[    0.223161] pci 0000:00:01.1: legacy IDE quirk: reg 0x14: [io  0x03f6]
[    0.223161] pci 0000:00:01.1: legacy IDE quirk: reg 0x18: [io  0x0170-0x0177]
[    0.223162] pci 0000:00:01.1: legacy IDE quirk: reg 0x1c: [io  0x0376]
[    0.223304] pci 0000:00:02.0: [80ee:beef] type 00 class 0x030000
[    0.227074] pci 0000:00:02.0: reg 0x10: [mem 0xe0000000-0xe7ffffff pref]
[    0.253469] pci 0000:00:03.0: [8086:100e] type 00 class 0x020000
[    0.255913] pci 0000:00:03.0: reg 0x10: [mem 0xf0000000-0xf001ffff]
[    0.259781] pci 0000:00:03.0: reg 0x18: [io  0xd010-0xd017]
[    0.269093] pci 0000:00:04.0: [80ee:cafe] type 00 class 0x088000
[    0.270986] pci 0000:00:04.0: reg 0x10: [io  0xd020-0xd03f]
[    0.272778] pci 0000:00:04.0: reg 0x14: [mem 0xf0400000-0xf07fffff]
[    0.274572] pci 0000:00:04.0: reg 0x18: [mem 0xf0800000-0xf0803fff pref]
[    0.282406] pci 0000:00:05.0: [8086:2415] type 00 class 0x040100
[    0.282524] pci 0000:00:05.0: reg 0x10: [io  0xd100-0xd1ff]
[    0.282592] pci 0000:00:05.0: reg 0x14: [io  0xd200-0xd23f]
[    0.283212] pci 0000:00:06.0: [106b:003f] type 00 class 0x0c0310
[    0.285094] pci 0000:00:06.0: reg 0x10: [mem 0xf0804000-0xf0804fff]
[    0.295983] pci 0000:00:07.0: [8086:7113] type 00 class 0x068000
[    0.296293] pci 0000:00:07.0: quirk: [io  0x4000-0x403f] claimed by PIIX4 ACPI
[    0.296299] pci 0000:00:07.0: quirk: [io  0x4100-0x410f] claimed by PIIX4 SMB
[    0.296480] pci 0000:00:08.0: [8086:100e] type 00 class 0x020000
[    0.298277] pci 0000:00:08.0: reg 0x10: [mem 0xf0820000-0xf083ffff]
[    0.302343] pci 0000:00:08.0: reg 0x18: [io  0xd240-0xd247]
[    0.309868] pci 0000:00:0d.0: [8086:2829] type 00 class 0x010601
[    0.311768] pci 0000:00:0d.0: reg 0x10: [io  0xd248-0xd24f]
[    0.315536] pci 0000:00:0d.0: reg 0x18: [io  0xd258-0xd25f]
[    0.319475] pci 0000:00:0d.0: reg 0x20: [io  0xd270-0xd27f]
[    0.321204] pci 0000:00:0d.0: reg 0x24: [mem 0xf0840000-0xf0841fff]
[    0.323823] ACPI: PCI Interrupt Link [LNKA] (IRQs 5 9 10 *11)
[    0.323960] ACPI: PCI Interrupt Link [LNKB] (IRQs 5 9 10 *11)
[    0.324013] ACPI: PCI Interrupt Link [LNKC] (IRQs 5 9 *10 11)
[    0.324065] ACPI: PCI Interrupt Link [LNKD] (IRQs 5 *9 10 11)
[    0.324144] ACPI: Enabled 2 GPEs in block 00 to 07
[    0.324325] SCSI subsystem initialized
[    0.324381] libata version 3.00 loaded.
[    0.324447] pci 0000:00:02.0: vgaarb: setting as boot VGA device
[    0.324448] pci 0000:00:02.0: vgaarb: VGA device added: decodes=io+mem,owns=io+mem,locks=none
[    0.324450] pci 0000:00:02.0: vgaarb: bridge control possible
[    0.324450] vgaarb: loaded
[    0.324467] ACPI: bus type USB registered
[    0.324480] usbcore: registered new interface driver usbfs
[    0.324484] usbcore: registered new interface driver hub
[    0.324493] usbcore: registered new device driver usb
[    0.324627] PCI: Using ACPI for IRQ routing
[    0.324628] PCI: pci_cache_line_size set to 64 bytes
[    0.324755] e820: reserve RAM buffer [mem 0x0009fc00-0x0009ffff]
[    0.324756] e820: reserve RAM buffer [mem 0xdfff0000-0xdfffffff]
[    0.324815] NetLabel: Initializing
[    0.324816] NetLabel:  domain hash size = 128
[    0.324816] NetLabel:  protocols = UNLABELED CIPSOv4 CALIPSO
[    0.324827] NetLabel:  unlabeled traffic allowed by default
[    0.325091] clocksource: Switched to clocksource kvm-clock
[    0.330586] VFS: Disk quotas dquot_6.6.0
[    0.330771] VFS: Dquot-cache hash table entries: 512 (order 0, 4096 bytes)
[    0.330836] AppArmor: AppArmor Filesystem Enabled
[    0.330868] pnp: PnP ACPI init
[    0.330915] pnp 00:00: Plug and Play ACPI device, IDs PNP0303 (active)
[    0.330959] pnp 00:01: Plug and Play ACPI device, IDs PNP0f03 (active)
[    0.331322] pnp: PnP ACPI: found 2 devices
[    0.339369] clocksource: acpi_pm: mask: 0xffffff max_cycles: 0xffffff, max_idle_ns: 2085701024 ns
[    0.339376] pci_bus 0000:00: resource 4 [io  0x0000-0x0cf7 window]
[    0.339377] pci_bus 0000:00: resource 5 [io  0x0d00-0xffff window]
[    0.339378] pci_bus 0000:00: resource 6 [mem 0x000a0000-0x000bffff window]
[    0.339379] pci_bus 0000:00: resource 7 [mem 0xe0000000-0xffdfffff window]
[    0.339406] NET: Registered protocol family 2
[    0.339528] TCP established hash table entries: 32768 (order: 6, 262144 bytes)
[    0.339591] TCP bind hash table entries: 32768 (order: 7, 524288 bytes)
[    0.339645] TCP: Hash tables configured (established 32768 bind 32768)
[    0.339657] UDP hash table entries: 2048 (order: 4, 65536 bytes)
[    0.339664] UDP-Lite hash table entries: 2048 (order: 4, 65536 bytes)
[    0.339686] NET: Registered protocol family 1
[    0.339692] pci 0000:00:00.0: Limiting direct PCI/PCI transfers
[    0.339710] pci 0000:00:01.0: Activating ISA DMA hang workarounds
[    0.339741] pci 0000:00:02.0: Video device with shadowed ROM at [mem 0x000c0000-0x000dffff]
[    0.340617] PCI: CLS 0 bytes, default 64
[    0.340643] Unpacking initramfs...
[    0.740965] Freeing initrd memory: 40868K
[    0.740968] PCI-DMA: Using software bounce buffering for IO (SWIOTLB)
[    0.740969] software IO TLB [mem 0xdbff0000-0xdfff0000] (64MB) mapped at [ffff8e799bff0000-ffff8e799ffeffff]
[    0.741076] platform rtc_cmos: registered platform RTC device (no PNP device found)
[    0.741091] Scanning for low memory corruption every 60 seconds
[    0.741471] audit: initializing netlink subsys (disabled)
[    0.741564] audit: type=2000 audit(1501777858.131:1): initialized
[    0.741718] Initialise system trusted keyrings
[    0.741831] workingset: timestamp_bits=36 max_order=20 bucket_order=0
[    0.742787] zbud: loaded
[    0.743103] squashfs: version 4.0 (2009/01/31) Phillip Lougher
[    0.743296] fuse init (API version 7.26)
[    0.746544] Key type asymmetric registered
[    0.746545] Asymmetric key parser 'x509' registered
[    0.746567] Block layer SCSI generic (bsg) driver version 0.4 loaded (major 248)
[    0.746674] io scheduler noop registered
[    0.746675] io scheduler deadline registered
[    0.746680] io scheduler cfq registered (default)
[    0.746840] intel_idle: does not run on family 6 model 60
[    0.746904] ACPI: AC Adapter [AC] (on-line)
[    0.746937] input: Power Button as /devices/LNXSYSTM:00/LNXPWRBN:00/input/input0
[    0.746939] ACPI: Power Button [PWRF]
[    0.746982] input: Sleep Button as /devices/LNXSYSTM:00/LNXSLPBN:00/input/input1
[    0.746983] ACPI: Sleep Button [SLPF]
[    0.747171] GHES: HEST is not enabled!
[    0.747329] Serial: 8250/16550 driver, 32 ports, IRQ sharing enabled
[    0.751504] Linux agpgart interface v0.103
[    0.754320] loop: module loaded
[    0.754441] ata_piix 0000:00:01.1: version 2.13
[    0.754794] scsi host0: ata_piix
[    0.754924] scsi host1: ata_piix
[    0.754948] ata1: PATA max UDMA/33 cmd 0x1f0 ctl 0x3f6 bmdma 0xd000 irq 14
[    0.754949] ata2: PATA max UDMA/33 cmd 0x170 ctl 0x376 bmdma 0xd008 irq 15
[    0.755005] libphy: Fixed MDIO Bus: probed
[    0.755005] tun: Universal TUN/TAP device driver, 1.6
[    0.755006] tun: (C) 1999-2004 Max Krasnyansky <maxk@qualcomm.com>
[    0.755226] PPP generic driver version 2.4.2
[    0.755267] ehci_hcd: USB 2.0 'Enhanced' Host Controller (EHCI) Driver
[    0.755269] ehci-pci: EHCI PCI platform driver
[    0.755276] ehci-platform: EHCI generic platform driver
[    0.755280] ohci_hcd: USB 1.1 'Open' Host Controller (OHCI) Driver
[    0.755281] ohci-pci: OHCI PCI platform driver
[    0.755699] ohci-pci 0000:00:06.0: OHCI PCI host controller
[    0.755702] ohci-pci 0000:00:06.0: new USB bus registered, assigned bus number 1
[    0.755743] ohci-pci 0000:00:06.0: irq 22, io mem 0xf0804000
[    0.817796] usb usb1: New USB device found, idVendor=1d6b, idProduct=0001
[    0.817802] usb usb1: New USB device strings: Mfr=3, Product=2, SerialNumber=1
[    0.817806] usb usb1: Product: OHCI PCI host controller
[    0.817809] usb usb1: Manufacturer: Linux 4.10.0-28-generic ohci_hcd
[    0.817813] usb usb1: SerialNumber: 0000:00:06.0
[    0.818402] hub 1-0:1.0: USB hub found
[    0.818449] hub 1-0:1.0: 12 ports detected
[    0.819544] ohci-platform: OHCI generic platform driver
[    0.819567] uhci_hcd: USB Universal Host Controller Interface driver
[    0.819745] i8042: PNP: PS/2 Controller [PNP0303:PS2K,PNP0f03:PS2M] at 0x60,0x64 irq 1,12
[    0.820850] serio: i8042 KBD port at 0x60,0x64 irq 1
[    0.820860] serio: i8042 AUX port at 0x60,0x64 irq 12
[    0.821505] mousedev: PS/2 mouse device common for all mice
[    0.822569] input: AT Translated Set 2 keyboard as /devices/platform/i8042/serio0/input/input2
[    0.823732] rtc_cmos rtc_cmos: rtc core: registered rtc_cmos as rtc0
[    0.823900] rtc_cmos rtc_cmos: alarms up to one day, 114 bytes nvram
[    0.823913] i2c /dev entries driver
[    0.824041] device-mapper: uevent: version 1.0.3
[    0.824369] device-mapper: ioctl: 4.35.0-ioctl (2016-06-23) initialised: dm-devel@redhat.com
[    0.824551] ledtrig-cpu: registered to indicate activity on CPUs
[    0.826122] NET: Registered protocol family 10
[    0.838553] Segment Routing with IPv6
[    0.838596] NET: Registered protocol family 17
[    0.838615] Key type dns_resolver registered
[    0.840158] registered taskstats version 1
[    0.840179] Loading compiled-in X.509 certificates
[    0.848104] Loaded X.509 cert 'Build time autogenerated kernel key: 1dbff672f4e4d459849c8aa71c01089bd04bfcdd'
[    0.848144] zswap: loaded using pool lzo/zbud
[    0.868710] Key type big_key registered
[    0.868714] Key type trusted registered
[    0.871243] Key type encrypted registered
[    0.871246] AppArmor: AppArmor sha1 policy hashing enabled
[    0.871248] ima: No TPM chip found, activating TPM-bypass! (rc=-19)
[    0.871266] evm: HMAC attrs: 0x1
[    0.871677]   Magic number: 9:622:328
[    0.871816] rtc_cmos rtc_cmos: setting system clock to 2017-07-29 11:19:49 UTC (1501327189)
[    0.871964] BIOS EDD facility v0.16 2004-Jun-25, 0 devices found
[    0.871964] EDD information not available.
[    0.871998] PM: Hibernation image not present or could not be loaded.
[    0.913705] ata2.00: ATAPI: VBOX CD-ROM, 1.0, max UDMA/133
[    0.914115] ata2.00: configured for UDMA/33
[    0.914762] scsi 1:0:0:0: CD-ROM            VBOX     CD-ROM           1.0  PQ: 0 ANSI: 5
[    0.927373] sr 1:0:0:0: [sr0] scsi3-mmc drive: 32x/32x xa/form2 tray
[    0.927376] cdrom: Uniform CD-ROM driver Revision: 3.20
[    0.927860] sr 1:0:0:0: Attached scsi CD-ROM sr0
[    0.928472] sr 1:0:0:0: Attached scsi generic sg0 type 5
[    0.933289] Freeing unused kernel memory: 2228K
[    0.933292] Write protecting the kernel read-only data: 14336k
[    0.934578] Freeing unused kernel memory: 1164K
[    0.936444] Freeing unused kernel memory: 272K
[    0.953153] x86/mm: Checked W+X mappings: passed, no W+X pages found.
[    0.970698] random: systemd-udevd: uninitialized urandom read (16 bytes read)
[    0.970803] random: systemd-udevd: uninitialized urandom read (16 bytes read)
[    0.970818] random: systemd-udevd: uninitialized urandom read (16 bytes read)
[    0.973649] random: udevadm: uninitialized urandom read (16 bytes read)
[    0.973691] random: udevadm: uninitialized urandom read (16 bytes read)
[    0.974506] random: udevadm: uninitialized urandom read (16 bytes read)
[    0.974585] random: udevadm: uninitialized urandom read (16 bytes read)
[    0.974603] random: udevadm: uninitialized urandom read (16 bytes read)
[    0.974935] random: udevadm: uninitialized urandom read (16 bytes read)
[    0.975007] random: udevadm: uninitialized urandom read (16 bytes read)
[    1.001970] e1000: Intel(R) PRO/1000 Network Driver - version 7.3.21-k8-NAPI
[    1.001971] e1000: Copyright (c) 1999-2006 Intel Corporation.
[    1.006565] ACPI: Video Device [GFX0] (multi-head: yes  rom: no  post: no)
[    1.006762] input: Video Bus as /devices/LNXSYSTM:00/LNXSYBUS:00/PNP0A03:00/LNXVIDEO:00/input/input4
[    1.011386] FUJITSU Extended Socket Network Device Driver - version 1.2 - Copyright (c) 2015 FUJITSU LIMITED
[    1.249520] input: ImExPS/2 Generic Explorer Mouse as /devices/platform/i8042/serio1/input/input5
[    1.252014] usb 1-1: new full-speed USB device number 2 using ohci-pci
[    1.357144] e1000 0000:00:03.0 eth0: (PCI:33MHz:32-bit) 08:00:27:47:fa:3c
[    1.357147] e1000 0000:00:03.0 eth0: Intel(R) PRO/1000 Network Connection
[    1.357165] ahci 0000:00:0d.0: version 3.0
[    1.357611] ahci 0000:00:0d.0: SSS flag set, parallel bus scan disabled
[    1.357693] ahci 0000:00:0d.0: AHCI 0001.0100 32 slots 1 ports 3 Gbps 0x1 impl SATA mode
[    1.357694] ahci 0000:00:0d.0: flags: 64bit ncq stag only ccc 
[    1.357979] scsi host2: ahci
[    1.358020] ata3: SATA max UDMA/133 abar m8192@0xf0840000 port 0xf0840100 irq 21
[    1.569877] usb 1-1: New USB device found, idVendor=80ee, idProduct=0021
[    1.569879] usb 1-1: New USB device strings: Mfr=1, Product=3, SerialNumber=0
[    1.569880] usb 1-1: Product: USB Tablet
[    1.569880] usb 1-1: Manufacturer: VirtualBox
[    1.577594] hidraw: raw HID events driver (C) Jiri Kosina
[    1.591291] random: fast init done
[    1.591537] usbcore: registered new interface driver usbhid
[    1.591537] usbhid: USB HID core driver
[    1.599261] input: VirtualBox USB Tablet as /devices/pci0000:00/0000:00:06.0/usb1/1-1/1-1:1.0/0003:80EE:0021.0001/input/input6
[    1.605244] hid-generic 0003:80EE:0021.0001: input,hidraw0: USB HID v1.10 Mouse [VirtualBox USB Tablet] on usb-0000:00:06.0-1/input0
[    1.670720] ata3: SATA link up 3.0 Gbps (SStatus 123 SControl 300)
[    1.670858] ata3.00: ATA-6: VBOX HARDDISK, 1.0, max UDMA/133
[    1.670859] ata3.00: 125829120 sectors, multi 128: LBA48 NCQ (depth 31/32)
[    1.671025] ata3.00: configured for UDMA/133
[    1.671119] scsi 2:0:0:0: Direct-Access     ATA      VBOX HARDDISK    1.0  PQ: 0 ANSI: 5
[    1.707870] sd 2:0:0:0: [sda] 125829120 512-byte logical blocks: (64.4 GB/60.0 GiB)
[    1.707875] sd 2:0:0:0: [sda] Write Protect is off
[    1.707876] sd 2:0:0:0: [sda] Mode Sense: 00 3a 00 00
[    1.707882] sd 2:0:0:0: [sda] Write cache: enabled, read cache: enabled, doesn't support DPO or FUA
[    1.708231] sd 2:0:0:0: Attached scsi generic sg1 type 0
[    1.718407]  sda: sda1 sda2 < sda5 >
[    1.718611] sd 2:0:0:0: [sda] Attached SCSI disk
[    1.729770] e1000 0000:00:08.0 eth1: (PCI:33MHz:32-bit) 08:00:27:ca:3d:c2
[    1.729772] e1000 0000:00:08.0 eth1: Intel(R) PRO/1000 Network Connection
[    1.730308] e1000 0000:00:03.0 enp0s3: renamed from eth0
[    1.746573] e1000 0000:00:08.0 enp0s8: renamed from eth1
[    1.753687] tsc: Refined TSC clocksource calibration: 3494.808 MHz
[    1.753696] clocksource: tsc: mask: 0xffffffffffffffff max_cycles: 0x326027fcdff, max_idle_ns: 440795261611 ns
[    4.217805] floppy0: no floppy controllers found
[    4.217936] work still pending
[    4.260344] VMware vmxnet3 virtual NIC driver - version 1.4.a.0-k-NAPI
[    4.266039] VMware PVSCSI driver - version 1.0.7.0-k
[    4.358204] EXT4-fs (sda1): mounted filesystem with ordered data mode. Opts: (null)
[    5.196942] systemd[1]: systemd 229 running in system mode. (+PAM +AUDIT +SELINUX +IMA +APPARMOR +SMACK +SYSVINIT +UTMP +LIBCRYPTSETUP +GCRYPT +GNUTLS +ACL +XZ -LZ4 +SECCOMP +BLKID +ELFUTILS +KMOD -IDN)
[    5.196968] systemd[1]: Detected virtualization oracle.
[    5.196970] systemd[1]: Detected architecture x86-64.
[    5.204995] systemd[1]: Set hostname to <ubuntu>.
[    6.207989] systemd[1]: Started Trigger resolvconf update for networkd DNS.
[    6.208393] systemd[1]: Set up automount Arbitrary Executable File Formats File System Automount Point.
[    6.208674] systemd[1]: Listening on Journal Socket.
[    6.208748] systemd[1]: Listening on Syslog Socket.
[    6.208796] systemd[1]: Listening on fsck to fsckd communication Socket.
[    6.208884] systemd[1]: Started Forward Password Requests to Wall Directory Watch.
[    6.982017] lp: driver loaded but no devices found
[    7.018835] ppdev: user-space parallel port driver
[    7.310662] random: crng init done
[    7.823785] EXT4-fs (sda1): re-mounted. Opts: errors=remount-ro
[    8.108064] systemd-journald[244]: Received request to flush runtime journal from PID 1
[    8.511008] [drm] Initialized
[    8.549414] vboxguest: loading out-of-tree module taints kernel.
[    8.549541] vboxguest: module verification failed: signature and/or required key missing - tainting kernel
[    8.552849] vgdrvHeartbeatInit: Setting up heartbeat to trigger every 2000 milliseconds
[    8.552942] input: Unspecified device as /devices/pci0000:00/0000:00:04.0/input/input7
[    8.553343] vboxguest: misc device minor 55, IRQ 20, I/O port d020, MMIO at 00000000f0400000 (size 0x400000)
[    8.553345] vboxguest: Successfully loaded version 5.1.24 (interface 0x00010004)
[    8.706377] piix4_smbus 0000:00:07.0: SMBus Host Controller at 0x4100, revision 0
[    8.935820] RAPL PMU: API unit is 2^-32 Joules, 4 fixed counters, 10737418240 ms ovfl timer
[    8.935821] RAPL PMU: hw unit of domain pp0-core 2^-0 Joules
[    8.935821] RAPL PMU: hw unit of domain package 2^-0 Joules
[    8.935822] RAPL PMU: hw unit of domain dram 2^-0 Joules
[    8.935822] RAPL PMU: hw unit of domain pp1-gpu 2^-0 Joules
[    9.021767] [drm] VRAM 08000000
[    9.021852] [TTM] Zone  kernel: Available graphics memory: 2022124 kiB
[    9.021852] [TTM] Initializing pool allocator
[    9.021855] [TTM] Initializing DMA pool allocator
[    9.022067] fbcon: vboxdrmfb (fb0) is primary device
[    9.028806] Console: switching to colour frame buffer device 100x37
[    9.029653] vboxvideo 0000:00:02.0: fb0: vboxdrmfb frame buffer device
[    9.045658] [drm] Initialized vboxvideo 1.0.0 20130823 for 0000:00:02.0 on minor 0
[    9.494557] AVX version of gcm_enc/dec engaged.
[    9.494560] AES CTR mode by8 optimization enabled
[   10.525479] snd_intel8x0 0000:00:05.0: white list rate for 1028:0177 is 48000
[   10.550980] audit: type=1400 audit(1501327199.176:2): apparmor="STATUS" operation="profile_load" profile="unconfined" name="/sbin/dhclient" pid=498 comm="apparmor_parser"
[   10.550981] audit: type=1400 audit(1501327199.176:3): apparmor="STATUS" operation="profile_load" profile="unconfined" name="/usr/lib/NetworkManager/nm-dhcp-client.action" pid=498 comm="apparmor_parser"
[   10.550982] audit: type=1400 audit(1501327199.176:4): apparmor="STATUS" operation="profile_load" profile="unconfined" name="/usr/lib/NetworkManager/nm-dhcp-helper" pid=498 comm="apparmor_parser"
[   10.550982] audit: type=1400 audit(1501327199.176:5): apparmor="STATUS" operation="profile_load" profile="unconfined" name="/usr/lib/connman/scripts/dhclient-script" pid=498 comm="apparmor_parser"
[   10.575801] audit: type=1400 audit(1501327199.200:6): apparmor="STATUS" operation="profile_load" profile="unconfined" name="/usr/lib/lightdm/lightdm-guest-session" pid=497 comm="apparmor_parser"
[   10.575803] audit: type=1400 audit(1501327199.200:7): apparmor="STATUS" operation="profile_load" profile="unconfined" name="/usr/lib/lightdm/lightdm-guest-session//chromium" pid=497 comm="apparmor_parser"
[   10.654955] audit: type=1400 audit(1501327199.280:8): apparmor="STATUS" operation="profile_load" profile="unconfined" name="/usr/bin/evince" pid=501 comm="apparmor_parser"
[   10.654957] audit: type=1400 audit(1501327199.280:9): apparmor="STATUS" operation="profile_load" profile="unconfined" name="/usr/bin/evince//sanitized_helper" pid=501 comm="apparmor_parser"
[   10.654957] audit: type=1400 audit(1501327199.280:10): apparmor="STATUS" operation="profile_load" profile="unconfined" name="/usr/bin/evince-previewer" pid=501 comm="apparmor_parser"
[   10.654958] audit: type=1400 audit(1501327199.280:11): apparmor="STATUS" operation="profile_load" profile="unconfined" name="/usr/bin/evince-previewer//sanitized_helper" pid=501 comm="apparmor_parser"
[   11.667797] Adding 4192252k swap on /dev/sda5.  Priority:-1 extents:1 across:4192252k FS
[   12.153477] floppy0: no floppy controllers found
[   12.153590] work still pending
[   15.798024] vboxsf: Successfully loaded version 5.1.24 (interface 0x00010004)
[   16.332837] VBoxService 5.1.24 r117012 (verbosity: 0) linux.amd64 (Jul 17 2017 17:16:12) release log
               00:00:00.000045 main     Log opened 2017-07-29T11:20:04.961030000Z
[   16.332876] 00:00:00.000106 main     OS Product: Linux
[   16.332895] 00:00:00.000129 main     OS Release: 4.10.0-28-generic
[   16.332913] 00:00:00.000147 main     OS Version: #32~16.04.2-Ubuntu SMP Thu Jul 20 10:19:48 UTC 2017
[   16.332941] 00:00:00.000169 main     Executable: /opt/VBoxGuestAdditions-5.1.24/sbin/VBoxService
               00:00:00.000170 main     Process ID: 885
               00:00:00.000170 main     Package type: LINUX_64BITS_GENERIC
[   16.333701] 00:00:00.000925 main     5.1.24 r117012 started. Verbose level = 0
[   16.462071] 00:00:00.129270 automount vbsvcAutoMountWorker: Shared folder 'Shared_folder' was mounted to '/media/sf_Shared_folder'
[   18.458739] IPv6: ADDRCONF(NETDEV_UP): enp0s8: link is not ready
[   18.464977] IPv6: ADDRCONF(NETDEV_UP): enp0s8: link is not ready
[   18.479840] IPv6: ADDRCONF(NETDEV_UP): enp0s3: link is not ready
[   18.485608] IPv6: ADDRCONF(NETDEV_UP): enp0s3: link is not ready
[   18.493769] e1000: enp0s3 NIC Link is Up 1000 Mbps Full Duplex, Flow Control: RX
[   18.494557] IPv6: ADDRCONF(NETDEV_CHANGE): enp0s3: link becomes ready
[    0.000000] Linux version 4.10.0-28-generic (buildd@lgw01-12) (gcc version 5.4.0 20160609 (Ubuntu 5.4.0-6ubuntu1~16.04.4) ) #32~16.04.2-Ubuntu SMP Thu Jul 20 10:19:48 UTC 2017 (Ubuntu 4.10.0-28.32~16.04.2-generic 4.10.17)
[    0.000000] Command line: BOOT_IMAGE=/boot/vmlinuz-4.10.0-28-generic root=UUID=ccbc5d52-4c18-45bf-9a82-e9dd4d6d954f ro find_preseed=/preseed.cfg auto noprompt priority=critical locale=en_US quiet
[    0.000000] KERNEL supported cpus:
[    0.000000]   Intel GenuineIntel
[    0.000000]   AMD AuthenticAMD
[    0.000000]   Centaur CentaurHauls
[    0.000000] x86/fpu: Supporting XSAVE feature 0x001: 'x87 floating point registers'
[    0.000000] x86/fpu: Supporting XSAVE feature 0x002: 'SSE registers'
[    0.000000] x86/fpu: Supporting XSAVE feature 0x004: 'AVX registers'
[    0.000000] x86/fpu: xstate_offset[2]:  576, xstate_sizes[2]:  256
[    0.000000] x86/fpu: Enabled xstate features 0x7, context size is 832 bytes, using 'standard' format.
[    0.000000] e820: BIOS-provided physical RAM map:
[    0.000000] BIOS-e820: [mem 0x0000000000000000-0x000000000009fbff] usable
[    0.000000] BIOS-e820: [mem 0x000000000009fc00-0x000000000009ffff] reserved
[    0.000000] BIOS-e820: [mem 0x00000000000f0000-0x00000000000fffff] reserved
[    0.000000] BIOS-e820: [mem 0x0000000000100000-0x00000000dffeffff] usable
[    0.000000] BIOS-e820: [mem 0x00000000dfff0000-0x00000000dfffffff] ACPI data
[    0.000000] BIOS-e820: [mem 0x00000000fec00000-0x00000000fec00fff] reserved
[    0.000000] BIOS-e820: [mem 0x00000000fee00000-0x00000000fee00fff] reserved
[    0.000000] BIOS-e820: [mem 0x00000000fffc0000-0x00000000ffffffff] reserved
[    0.000000] BIOS-e820: [mem 0x0000000100000000-0x000000011fffffff] usable
[    0.000000] NX (Execute Disable) protection: active
[    0.000000] SMBIOS 2.5 present.
[    0.000000] DMI: innotek GmbH VirtualBox/VirtualBox, BIOS VirtualBox 12/01/2006
[    0.000000] Hypervisor detected: KVM
[    0.000000] e820: update [mem 0x00000000-0x00000fff] usable ==> reserved
[    0.000000] e820: remove [mem 0x000a0000-0x000fffff] usable
[    0.000000] e820: last_pfn = 0x120000 max_arch_pfn = 0x400000000
[    0.000000] MTRR default type: uncachable
[    0.000000] MTRR variable ranges disabled:
[    0.000000] MTRR: Disabled
[    0.000000] x86/PAT: MTRRs disabled, skipping PAT initialization too.
[    0.000000] x86/PAT: Configuration [0-7]: WB  WT  UC- UC  WB  WT  UC- UC  
[    0.000000] CPU MTRRs all blank - virtualized system.
[    0.000000] e820: last_pfn = 0xdfff0 max_arch_pfn = 0x400000000
[    0.000000] found SMP MP-table at [mem 0x0009fff0-0x0009ffff] mapped at [ffff8e78c009fff0]
[    0.000000] Scanning 1 areas for low memory corruption
[    0.000000] Base memory trampoline at [ffff8e78c0099000] 99000 size 24576
[    0.000000] BRK [0x109a28000, 0x109a28fff] PGTABLE
[    0.000000] BRK [0x109a29000, 0x109a29fff] PGTABLE
[    0.000000] BRK [0x109a2a000, 0x109a2afff] PGTABLE
[    0.000000] BRK [0x109a2b000, 0x109a2bfff] PGTABLE
[    0.000000] BRK [0x109a2c000, 0x109a2cfff] PGTABLE
[    0.000000] BRK [0x109a2d000, 0x109a2dfff] PGTABLE
[    0.000000] BRK [0x109a2e000, 0x109a2efff] PGTABLE
[    0.000000] BRK [0x109a2f000, 0x109a2ffff] PGTABLE
[    0.000000] BRK [0x109a30000, 0x109a30fff] PGTABLE
[    0.000000] RAMDISK: [mem 0x3301e000-0x35806fff]
[    0.000000] ACPI: Early table checksum verification disabled
[    0.000000] ACPI: RSDP 0x00000000000E0000 000024 (v02 VBOX  )
[    0.000000] ACPI: XSDT 0x00000000DFFF0030 00003C (v01 VBOX   VBOXXSDT 00000001 ASL  00000061)
[    0.000000] ACPI: FACP 0x00000000DFFF00F0 0000F4 (v04 VBOX   VBOXFACP 00000001 ASL  00000061)
[    0.000000] ACPI: DSDT 0x00000000DFFF0470 0021C8 (v02 VBOX   VBOXBIOS 00000002 INTL 20100528)
[    0.000000] ACPI: FACS 0x00000000DFFF0200 000040
[    0.000000] ACPI: FACS 0x00000000DFFF0200 000040
[    0.000000] ACPI: APIC 0x00000000DFFF0240 00005C (v02 VBOX   VBOXAPIC 00000001 ASL  00000061)
[    0.000000] ACPI: SSDT 0x00000000DFFF02A0 0001CC (v01 VBOX   VBOXCPUT 00000002 INTL 20100528)
[    0.000000] ACPI: Local APIC address 0xfee00000
[    0.000000] No NUMA configuration found
[    0.000000] Faking a node at [mem 0x0000000000000000-0x000000011fffffff]
[    0.000000] NODE_DATA(0) allocated [mem 0x11ffd5000-0x11fffffff]
[    0.000000] kvm-clock: Using msrs 4b564d01 and 4b564d00
[    0.000000] kvm-clock: cpu 0, msr 1:1ff55001, primary cpu clock
[    0.000000] kvm-clock: using sched offset of 101414640512075 cycles
[    0.000000] clocksource: kvm-clock: mask: 0xffffffffffffffff max_cycles: 0x1cd42e4dffb, max_idle_ns: 881590591483 ns
[    0.000000] Zone ranges:
[    0.000000]   DMA      [mem 0x0000000000001000-0x0000000000ffffff]
[    0.000000]   DMA32    [mem 0x0000000001000000-0x00000000ffffffff]
[    0.000000]   Normal   [mem 0x0000000100000000-0x000000011fffffff]
[    0.000000]   Device   empty
[    0.000000] Movable zone start for each node
[    0.000000] Early memory node ranges
[    0.000000]   node   0: [mem 0x0000000000001000-0x000000000009efff]
[    0.000000]   node   0: [mem 0x0000000000100000-0x00000000dffeffff]
[    0.000000]   node   0: [mem 0x0000000100000000-0x000000011fffffff]
[    0.000000] Initmem setup node 0 [mem 0x0000000000001000-0x000000011fffffff]
[    0.000000] On node 0 totalpages: 1048462
[    0.000000]   DMA zone: 64 pages used for memmap
[    0.000000]   DMA zone: 21 pages reserved
[    0.000000]   DMA zone: 3998 pages, LIFO batch:0
[    0.000000]   DMA32 zone: 14272 pages used for memmap
[    0.000000]   DMA32 zone: 913392 pages, LIFO batch:31
[    0.000000]   Normal zone: 2048 pages used for memmap
[    0.000000]   Normal zone: 131072 pages, LIFO batch:31
[    0.000000] ACPI: PM-Timer IO Port: 0x4008
[    0.000000] ACPI: Local APIC address 0xfee00000
[    0.000000] IOAPIC[0]: apic_id 2, version 32, address 0xfec00000, GSI 0-23
[    0.000000] ACPI: INT_SRC_OVR (bus 0 bus_irq 0 global_irq 2 dfl dfl)
[    0.000000] ACPI: INT_SRC_OVR (bus 0 bus_irq 9 global_irq 9 high level)
[    0.000000] ACPI: IRQ0 used by override.
[    0.000000] ACPI: IRQ9 used by override.
[    0.000000] Using ACPI (MADT) for SMP configuration information
[    0.000000] smpboot: Allowing 2 CPUs, 0 hotplug CPUs
[    0.000000] PM: Registered nosave memory: [mem 0x00000000-0x00000fff]
[    0.000000] PM: Registered nosave memory: [mem 0x0009f000-0x0009ffff]
[    0.000000] PM: Registered nosave memory: [mem 0x000a0000-0x000effff]
[    0.000000] PM: Registered nosave memory: [mem 0x000f0000-0x000fffff]
[    0.000000] PM: Registered nosave memory: [mem 0xdfff0000-0xdfffffff]
[    0.000000] PM: Registered nosave memory: [mem 0xe0000000-0xfebfffff]
[    0.000000] PM: Registered nosave memory: [mem 0xfec00000-0xfec00fff]
[    0.000000] PM: Registered nosave memory: [mem 0xfec01000-0xfedfffff]
[    0.000000] PM: Registered nosave memory: [mem 0xfee00000-0xfee00fff]
[    0.000000] PM: Registered nosave memory: [mem 0xfee01000-0xfffbffff]
[    0.000000] PM: Registered nosave memory: [mem 0xfffc0000-0xffffffff]
[    0.000000] e820: [mem 0xe0000000-0xfebfffff] available for PCI devices
[    0.000000] Booting paravirtualized kernel on KVM
[    0.000000] clocksource: refined-jiffies: mask: 0xffffffff max_cycles: 0xffffffff, max_idle_ns: 7645519600211568 ns
[    0.000000] setup_percpu: NR_CPUS:8192 nr_cpumask_bits:2 nr_cpu_ids:2 nr_node_ids:1
[    0.000000] percpu: Embedded 36 pages/cpu @ffff8e79dfc00000 s107992 r8192 d31272 u1048576
[    0.000000] pcpu-alloc: s107992 r8192 d31272 u1048576 alloc=1*2097152
[    0.000000] pcpu-alloc: [0] 0 1 
[    0.000000] PV qspinlock hash table entries: 256 (order: 0, 4096 bytes)
[    0.000000] Built 1 zonelists in Node order, mobility grouping on.  Total pages: 1032057
[    0.000000] Policy zone: Normal
[    0.000000] Kernel command line: BOOT_IMAGE=/boot/vmlinuz-4.10.0-28-generic root=UUID=ccbc5d52-4c18-45bf-9a82-e9dd4d6d954f ro find_preseed=/preseed.cfg auto noprompt priority=critical locale=en_US quiet
[    0.000000] PID hash table entries: 4096 (order: 3, 32768 bytes)
[    0.000000] Calgary: detecting Calgary via BIOS EBDA area
[    0.000000] Calgary: Unable to locate Rio Grande table in EBDA - bailing!
[    0.000000] Memory: 3999684K/4193848K available (9060K kernel code, 1666K rwdata, 3824K rodata, 2228K init, 2364K bss, 194164K reserved, 0K cma-reserved)
[    0.000000] SLUB: HWalign=64, Order=0-3, MinObjects=0, CPUs=2, Nodes=1
[    0.000000] Hierarchical RCU implementation.
[    0.000000] 	Build-time adjustment of leaf fanout to 64.
[    0.000000] 	RCU restricting CPUs from NR_CPUS=8192 to nr_cpu_ids=2.
[    0.000000] RCU: Adjusting geometry for rcu_fanout_leaf=64, nr_cpu_ids=2
[    0.000000] NR_IRQS:524544 nr_irqs:440 16
[    0.000000] Console: colour VGA+ 80x25
[    0.000000] console [tty0] enabled
[    0.000000] tsc: Detected 3491.914 MHz processor
[    0.049618] Calibrating delay loop (skipped) preset value.. 6983.82 BogoMIPS (lpj=13967656)
[    0.049619] pid_max: default: 32768 minimum: 301
[    0.049626] ACPI: Core revision 20160930
[    0.050240] ACPI: 2 ACPI AML tables successfully acquired and loaded
[    0.050256] Security Framework initialized
[    0.050257] Yama: becoming mindful.
[    0.050265] AppArmor: AppArmor initialized
[    0.050611] Dentry cache hash table entries: 524288 (order: 10, 4194304 bytes)
[    0.051423] Inode-cache hash table entries: 262144 (order: 9, 2097152 bytes)
[    0.051620] Mount-cache hash table entries: 8192 (order: 4, 65536 bytes)
[    0.051623] Mountpoint-cache hash table entries: 8192 (order: 4, 65536 bytes)
[    0.051788] CPU: Physical Processor ID: 0
[    0.051788] CPU: Processor Core ID: 0
[    0.051799] mce: CPU supports 0 MCE banks
[    0.051817] Last level iTLB entries: 4KB 1024, 2MB 1024, 4MB 1024
[    0.051818] Last level dTLB entries: 4KB 1024, 2MB 1024, 4MB 1024, 1GB 4
[    0.051908] Freeing SMP alternatives memory: 32K
[    0.052692] ftrace: allocating 34206 entries in 134 pages
[    0.062223] smpboot: Max logical packages: 1
[    0.062442] x2apic enabled
[    0.062620] Switched APIC routing to physical x2apic.
[    0.063474] ..TIMER: vector=0x30 apic1=0 pin1=2 apic2=-1 pin2=-1
[    0.170711] smpboot: CPU0: Intel(R) Core(TM) i5-4690 CPU @ 3.50GHz (family: 0x6, model: 0x3c, stepping: 0x3)
[    0.170767] Performance Events: unsupported p6 CPU model 60 no PMU driver, software events only.
[    0.170786] KVM setup paravirtual spinlock
[    0.171423] smp: Bringing up secondary CPUs ...
[    0.171466] x86: Booting SMP configuration:
[    0.171466] .... node  #0, CPUs:      #1
[    0.171699] kvm-clock: cpu 1, msr 1:1ff55041, secondary cpu clock
[    0.171767] mce: CPU supports 0 MCE banks
[    0.173854] smp: Brought up 1 node, 2 CPUs
[    0.173855] smpboot: Total of 2 processors activated (13967.65 BogoMIPS)
[    0.174533] devtmpfs: initialized
[    0.174571] x86/mm: Memory block size: 128MB
[    0.175700] evm: security.selinux
[    0.175700] evm: security.SMACK64
[    0.175701] evm: security.SMACK64EXEC
[    0.175701] evm: security.SMACK64TRANSMUTE
[    0.175701] evm: security.SMACK64MMAP
[    0.175702] evm: security.ima
[    0.175702] evm: security.capability
[    0.175841] clocksource: jiffies: mask: 0xffffffff max_cycles: 0xffffffff, max_idle_ns: 7645041785100000 ns
[    0.175845] futex hash table entries: 512 (order: 3, 32768 bytes)
[    0.175865] pinctrl core: initialized pinctrl subsystem
[    0.175935] RTC time: 11:19:48, date: 07/29/17
[    0.176031] NET: Registered protocol family 16
[    0.191672] cpuidle: using governor ladder
[    0.203280] cpuidle: using governor menu
[    0.203284] PCCT header not found.
[    0.203346] ACPI: bus type PCI registered
[    0.203347] acpiphp: ACPI Hot Plug PCI Controller Driver version: 0.5
[    0.203442] PCI: Using configuration type 1 for base access
[    0.215942] HugeTLB registered 2 MB page size, pre-allocated 0 pages
[    0.216627] ACPI: Added _OSI(Module Device)
[    0.216628] ACPI: Added _OSI(Processor Device)
[    0.216628] ACPI: Added _OSI(3.0 _SCP Extensions)
[    0.216629] ACPI: Added _OSI(Processor Aggregator Device)
[    0.216951] ACPI: Executed 1 blocks of module-level executable AML code
[    0.219072] ACPI: Interpreter enabled
[    0.219078] ACPI: (supports S0 S5)
[    0.219079] ACPI: Using IOAPIC for interrupt routing
[    0.219178] PCI: Using host bridge windows from ACPI; if necessary, use "pci=nocrs" and report a bug
[    0.221692] ACPI: PCI Root Bridge [PCI0] (domain 0000 [bus 00-ff])
[    0.221695] acpi PNP0A03:00: _OSC: OS supports [ASPM ClockPM Segments MSI]
[    0.221698] acpi PNP0A03:00: _OSC failed (AE_NOT_FOUND); disabling ASPM
[    0.221702] acpi PNP0A03:00: fail to add MMCONFIG information, can't access extended PCI configuration space under this bridge.
[    0.221896] PCI host bridge to bus 0000:00
[    0.221898] pci_bus 0000:00: root bus resource [io  0x0000-0x0cf7 window]
[    0.221898] pci_bus 0000:00: root bus resource [io  0x0d00-0xffff window]
[    0.221899] pci_bus 0000:00: root bus resource [mem 0x000a0000-0x000bffff window]
[    0.221900] pci_bus 0000:00: root bus resource [mem 0xe0000000-0xffdfffff window]
[    0.221901] pci_bus 0000:00: root bus resource [bus 00-ff]
[    0.221927] pci 0000:00:00.0: [8086:1237] type 00 class 0x060000
[    0.222302] pci 0000:00:01.0: [8086:7000] type 00 class 0x060100
[    0.222718] pci 0000:00:01.1: [8086:7111] type 00 class 0x01018a
[    0.223028] pci 0000:00:01.1: reg 0x20: [io  0xd000-0xd00f]
[    0.223160] pci 0000:00:01.1: legacy IDE quirk: reg 0x10: [io  0x01f0-0x01f7]
[    0.223161] pci 0000:00:01.1: legacy IDE quirk: reg 0x14: [io  0x03f6]
[    0.223161] pci 0000:00:01.1: legacy IDE quirk: reg 0x18: [io  0x0170-0x0177]
[    0.223162] pci 0000:00:01.1: legacy IDE quirk: reg 0x1c: [io  0x0376]
[    0.223304] pci 0000:00:02.0: [80ee:beef] type 00 class 0x030000
[    0.227074] pci 0000:00:02.0: reg 0x10: [mem 0xe0000000-0xe7ffffff pref]
[    0.253469] pci 0000:00:03.0: [8086:100e] type 00 class 0x020000
[    0.255913] pci 0000:00:03.0: reg 0x10: [mem 0xf0000000-0xf001ffff]
[    0.259781] pci 0000:00:03.0: reg 0x18: [io  0xd010-0xd017]
[    0.269093] pci 0000:00:04.0: [80ee:cafe] type 00 class 0x088000
[    0.270986] pci 0000:00:04.0: reg 0x10: [io  0xd020-0xd03f]
[    0.272778] pci 0000:00:04.0: reg 0x14: [mem 0xf0400000-0xf07fffff]
[    0.274572] pci 0000:00:04.0: reg 0x18: [mem 0xf0800000-0xf0803fff pref]
[    0.282406] pci 0000:00:05.0: [8086:2415] type 00 class 0x040100
[    0.282524] pci 0000:00:05.0: reg 0x10: [io  0xd100-0xd1ff]
[    0.282592] pci 0000:00:05.0: reg 0x14: [io  0xd200-0xd23f]
[    0.283212] pci 0000:00:06.0: [106b:003f] type 00 class 0x0c0310
[    0.285094] pci 0000:00:06.0: reg 0x10: [mem 0xf0804000-0xf0804fff]
[    0.295983] pci 0000:00:07.0: [8086:7113] type 00 class 0x068000
[    0.296293] pci 0000:00:07.0: quirk: [io  0x4000-0x403f] claimed by PIIX4 ACPI
[    0.296299] pci 0000:00:07.0: quirk: [io  0x4100-0x410f] claimed by PIIX4 SMB
[    0.296480] pci 0000:00:08.0: [8086:100e] type 00 class 0x020000
[    0.298277] pci 0000:00:08.0: reg 0x10: [mem 0xf0820000-0xf083ffff]
[    0.302343] pci 0000:00:08.0: reg 0x18: [io  0xd240-0xd247]
[    0.309868] pci 0000:00:0d.0: [8086:2829] type 00 class 0x010601
[    0.311768] pci 0000:00:0d.0: reg 0x10: [io  0xd248-0xd24f]
[    0.315536] pci 0000:00:0d.0: reg 0x18: [io  0xd258-0xd25f]
[    0.319475] pci 0000:00:0d.0: reg 0x20: [io  0xd270-0xd27f]
[    0.321204] pci 0000:00:0d.0: reg 0x24: [mem 0xf0840000-0xf0841fff]
[    0.323823] ACPI: PCI Interrupt Link [LNKA] (IRQs 5 9 10 *11)
[    0.323960] ACPI: PCI Interrupt Link [LNKB] (IRQs 5 9 10 *11)
[    0.324013] ACPI: PCI Interrupt Link [LNKC] (IRQs 5 9 *10 11)
[    0.324065] ACPI: PCI Interrupt Link [LNKD] (IRQs 5 *9 10 11)
[    0.324144] ACPI: Enabled 2 GPEs in block 00 to 07
[    0.324325] SCSI subsystem initialized
[    0.324381] libata version 3.00 loaded.
[    0.324447] pci 0000:00:02.0: vgaarb: setting as boot VGA device
[    0.324448] pci 0000:00:02.0: vgaarb: VGA device added: decodes=io+mem,owns=io+mem,locks=none
[    0.324450] pci 0000:00:02.0: vgaarb: bridge control possible
[    0.324450] vgaarb: loaded
[    0.324467] ACPI: bus type USB registered
[    0.324480] usbcore: registered new interface driver usbfs
[    0.324484] usbcore: registered new interface driver hub
[    0.324493] usbcore: registered new device driver usb
[    0.324627] PCI: Using ACPI for IRQ routing
[    0.324628] PCI: pci_cache_line_size set to 64 bytes
[    0.324755] e820: reserve RAM buffer [mem 0x0009fc00-0x0009ffff]
[    0.324756] e820: reserve RAM buffer [mem 0xdfff0000-0xdfffffff]
[    0.324815] NetLabel: Initializing
[    0.324816] NetLabel:  domain hash size = 128
[    0.324816] NetLabel:  protocols = UNLABELED CIPSOv4 CALIPSO
[    0.324827] NetLabel:  unlabeled traffic allowed by default
[    0.325091] clocksource: Switched to clocksource kvm-clock
[    0.330586] VFS: Disk quotas dquot_6.6.0
[    0.330771] VFS: Dquot-cache hash table entries: 512 (order 0, 4096 bytes)
[    0.330836] AppArmor: AppArmor Filesystem Enabled
[    0.330868] pnp: PnP ACPI init
[    0.330915] pnp 00:00: Plug and Play ACPI device, IDs PNP0303 (active)
[    0.330959] pnp 00:01: Plug and Play ACPI device, IDs PNP0f03 (active)
[    0.331322] pnp: PnP ACPI: found 2 devices
[    0.339369] clocksource: acpi_pm: mask: 0xffffff max_cycles: 0xffffff, max_idle_ns: 2085701024 ns
[    0.339376] pci_bus 0000:00: resource 4 [io  0x0000-0x0cf7 window]
[    0.339377] pci_bus 0000:00: resource 5 [io  0x0d00-0xffff window]
[    0.339378] pci_bus 0000:00: resource 6 [mem 0x000a0000-0x000bffff window]
[    0.339379] pci_bus 0000:00: resource 7 [mem 0xe0000000-0xffdfffff window]
[    0.339406] NET: Registered protocol family 2
[    0.339528] TCP established hash table entries: 32768 (order: 6, 262144 bytes)
[    0.339591] TCP bind hash table entries: 32768 (order: 7, 524288 bytes)
[    0.339645] TCP: Hash tables configured (established 32768 bind 32768)
[    0.339657] UDP hash table entries: 2048 (order: 4, 65536 bytes)
[    0.339664] UDP-Lite hash table entries: 2048 (order: 4, 65536 bytes)
[    0.339686] NET: Registered protocol family 1
[    0.339692] pci 0000:00:00.0: Limiting direct PCI/PCI transfers
[    0.339710] pci 0000:00:01.0: Activating ISA DMA hang workarounds
[    0.339741] pci 0000:00:02.0: Video device with shadowed ROM at [mem 0x000c0000-0x000dffff]
[    0.340617] PCI: CLS 0 bytes, default 64
[    0.340643] Unpacking initramfs...
[    0.740965] Freeing initrd memory: 40868K
[    0.740968] PCI-DMA: Using software bounce buffering for IO (SWIOTLB)
[    0.740969] software IO TLB [mem 0xdbff0000-0xdfff0000] (64MB) mapped at [ffff8e799bff0000-ffff8e799ffeffff]
[    0.741076] platform rtc_cmos: registered platform RTC device (no PNP device found)
[    0.741091] Scanning for low memory corruption every 60 seconds
[    0.741471] audit: initializing netlink subsys (disabled)
[    0.741564] audit: type=2000 audit(1501777858.131:1): initialized
[    0.741718] Initialise system trusted keyrings
[    0.741831] workingset: timestamp_bits=36 max_order=20 bucket_order=0
[    0.742787] zbud: loaded
[    0.743103] squashfs: version 4.0 (2009/01/31) Phillip Lougher
[    0.743296] fuse init (API version 7.26)
[    0.746544] Key type asymmetric registered
[    0.746545] Asymmetric key parser 'x509' registered
[    0.746567] Block layer SCSI generic (bsg) driver version 0.4 loaded (major 248)
[    0.746674] io scheduler noop registered
[    0.746675] io scheduler deadline registered
[    0.746680] io scheduler cfq registered (default)
[    0.746840] intel_idle: does not run on family 6 model 60
[    0.746904] ACPI: AC Adapter [AC] (on-line)
[    0.746937] input: Power Button as /devices/LNXSYSTM:00/LNXPWRBN:00/input/input0
[    0.746939] ACPI: Power Button [PWRF]
[    0.746982] input: Sleep Button as /devices/LNXSYSTM:00/LNXSLPBN:00/input/input1
[    0.746983] ACPI: Sleep Button [SLPF]
[    0.747171] GHES: HEST is not enabled!
[    0.747329] Serial: 8250/16550 driver, 32 ports, IRQ sharing enabled
[    0.751504] Linux agpgart interface v0.103
[    0.754320] loop: module loaded
[    0.754441] ata_piix 0000:00:01.1: version 2.13
[    0.754794] scsi host0: ata_piix
[    0.754924] scsi host1: ata_piix
[    0.754948] ata1: PATA max UDMA/33 cmd 0x1f0 ctl 0x3f6 bmdma 0xd000 irq 14
[    0.754949] ata2: PATA max UDMA/33 cmd 0x170 ctl 0x376 bmdma 0xd008 irq 15
[    0.755005] libphy: Fixed MDIO Bus: probed
[    0.755005] tun: Universal TUN/TAP device driver, 1.6
[    0.755006] tun: (C) 1999-2004 Max Krasnyansky <maxk@qualcomm.com>
[    0.755226] PPP generic driver version 2.4.2
[    0.755267] ehci_hcd: USB 2.0 'Enhanced' Host Controller (EHCI) Driver
[    0.755269] ehci-pci: EHCI PCI platform driver
[    0.755276] ehci-platform: EHCI generic platform driver
[    0.755280] ohci_hcd: USB 1.1 'Open' Host Controller (OHCI) Driver
[    0.755281] ohci-pci: OHCI PCI platform driver
[    0.755699] ohci-pci 0000:00:06.0: OHCI PCI host controller
[    0.755702] ohci-pci 0000:00:06.0: new USB bus registered, assigned bus number 1
[    0.755743] ohci-pci 0000:00:06.0: irq 22, io mem 0xf0804000
[    0.817796] usb usb1: New USB device found, idVendor=1d6b, idProduct=0001
[    0.817802] usb usb1: New USB device strings: Mfr=3, Product=2, SerialNumber=1
[    0.817806] usb usb1: Product: OHCI PCI host controller
[    0.817809] usb usb1: Manufacturer: Linux 4.10.0-28-generic ohci_hcd
[    0.817813] usb usb1: SerialNumber: 0000:00:06.0
[    0.818402] hub 1-0:1.0: USB hub found
[    0.818449] hub 1-0:1.0: 12 ports detected
[    0.819544] ohci-platform: OHCI generic platform driver
[    0.819567] uhci_hcd: USB Universal Host Controller Interface driver
[    0.819745] i8042: PNP: PS/2 Controller [PNP0303:PS2K,PNP0f03:PS2M] at 0x60,0x64 irq 1,12
[    0.820850] serio: i8042 KBD port at 0x60,0x64 irq 1
[    0.820860] serio: i8042 AUX port at 0x60,0x64 irq 12
[    0.821505] mousedev: PS/2 mouse device common for all mice
[    0.822569] input: AT Translated Set 2 keyboard as /devices/platform/i8042/serio0/input/input2
[    0.823732] rtc_cmos rtc_cmos: rtc core: registered rtc_cmos as rtc0
[    0.823900] rtc_cmos rtc_cmos: alarms up to one day, 114 bytes nvram
[    0.823913] i2c /dev entries driver
[    0.824041] device-mapper: uevent: version 1.0.3
[    0.824369] device-mapper: ioctl: 4.35.0-ioctl (2016-06-23) initialised: dm-devel@redhat.com
[    0.824551] ledtrig-cpu: registered to indicate activity on CPUs
[    0.826122] NET: Registered protocol family 10
[    0.838553] Segment Routing with IPv6
[    0.838596] NET: Registered protocol family 17
[    0.838615] Key type dns_resolver registered
[    0.840158] registered taskstats version 1
[    0.840179] Loading compiled-in X.509 certificates
[    0.848104] Loaded X.509 cert 'Build time autogenerated kernel key: 1dbff672f4e4d459849c8aa71c01089bd04bfcdd'
[    0.848144] zswap: loaded using pool lzo/zbud
[    0.868710] Key type big_key registered
[    0.868714] Key type trusted registered
[    0.871243] Key type encrypted registered
[    0.871246] AppArmor: AppArmor sha1 policy hashing enabled
[    0.871248] ima: No TPM chip found, activating TPM-bypass! (rc=-19)
[    0.871266] evm: HMAC attrs: 0x1
[    0.871677]   Magic number: 9:622:328
[    0.871816] rtc_cmos rtc_cmos: setting system clock to 2017-07-29 11:19:49 UTC (1501327189)
[    0.871964] BIOS EDD facility v0.16 2004-Jun-25, 0 devices found
[    0.871964] EDD information not available.
[    0.871998] PM: Hibernation image not present or could not be loaded.
[    0.913705] ata2.00: ATAPI: VBOX CD-ROM, 1.0, max UDMA/133
[    0.914115] ata2.00: configured for UDMA/33
[    0.914762] scsi 1:0:0:0: CD-ROM            VBOX     CD-ROM           1.0  PQ: 0 ANSI: 5
[    0.927373] sr 1:0:0:0: [sr0] scsi3-mmc drive: 32x/32x xa/form2 tray
[    0.927376] cdrom: Uniform CD-ROM driver Revision: 3.20
[    0.927860] sr 1:0:0:0: Attached scsi CD-ROM sr0
[    0.928472] sr 1:0:0:0: Attached scsi generic sg0 type 5
[    0.933289] Freeing unused kernel memory: 2228K
[    0.933292] Write protecting the kernel read-only data: 14336k
[    0.934578] Freeing unused kernel memory: 1164K
[    0.936444] Freeing unused kernel memory: 272K
[    0.953153] x86/mm: Checked W+X mappings: passed, no W+X pages found.
[    0.970698] random: systemd-udevd: uninitialized urandom read (16 bytes read)
[    0.970803] random: systemd-udevd: uninitialized urandom read (16 bytes read)
[    0.970818] random: systemd-udevd: uninitialized urandom read (16 bytes read)
[    0.973649] random: udevadm: uninitialized urandom read (16 bytes read)
[    0.973691] random: udevadm: uninitialized urandom read (16 bytes read)
[    0.974506] random: udevadm: uninitialized urandom read (16 bytes read)
[    0.974585] random: udevadm: uninitialized urandom read (16 bytes read)
[    0.974603] random: udevadm: uninitialized urandom read (16 bytes read)
[    0.974935] random: udevadm: uninitialized urandom read (16 bytes read)
[    0.975007] random: udevadm: uninitialized urandom read (16 bytes read)
[    1.001970] e1000: Intel(R) PRO/1000 Network Driver - version 7.3.21-k8-NAPI
[    1.001971] e1000: Copyright (c) 1999-2006 Intel Corporation.
[    1.006565] ACPI: Video Device [GFX0] (multi-head: yes  rom: no  post: no)
[    1.006762] input: Video Bus as /devices/LNXSYSTM:00/LNXSYBUS:00/PNP0A03:00/LNXVIDEO:00/input/input4
[    1.011386] FUJITSU Extended Socket Network Device Driver - version 1.2 - Copyright (c) 2015 FUJITSU LIMITED
[    1.249520] input: ImExPS/2 Generic Explorer Mouse as /devices/platform/i8042/serio1/input/input5
[    1.252014] usb 1-1: new full-speed USB device number 2 using ohci-pci
[    1.357144] e1000 0000:00:03.0 eth0: (PCI:33MHz:32-bit) 08:00:27:47:fa:3c
[    1.357147] e1000 0000:00:03.0 eth0: Intel(R) PRO/1000 Network Connection
[    1.357165] ahci 0000:00:0d.0: version 3.0
[    1.357611] ahci 0000:00:0d.0: SSS flag set, parallel bus scan disabled
[    1.357693] ahci 0000:00:0d.0: AHCI 0001.0100 32 slots 1 ports 3 Gbps 0x1 impl SATA mode
[    1.357694] ahci 0000:00:0d.0: flags: 64bit ncq stag only ccc 
[    1.357979] scsi host2: ahci
[    1.358020] ata3: SATA max UDMA/133 abar m8192@0xf0840000 port 0xf0840100 irq 21
[    1.569877] usb 1-1: New USB device found, idVendor=80ee, idProduct=0021
[    1.569879] usb 1-1: New USB device strings: Mfr=1, Product=3, SerialNumber=0
[    1.569880] usb 1-1: Product: USB Tablet
[    1.569880] usb 1-1: Manufacturer: VirtualBox
[    1.577594] hidraw: raw HID events driver (C) Jiri Kosina
[    1.591291] random: fast init done
[    1.591537] usbcore: registered new interface driver usbhid
[    1.591537] usbhid: USB HID core driver
[    1.599261] input: VirtualBox USB Tablet as /devices/pci0000:00/0000:00:06.0/usb1/1-1/1-1:1.0/0003:80EE:0021.0001/input/input6
[    1.605244] hid-generic 0003:80EE:0021.0001: input,hidraw0: USB HID v1.10 Mouse [VirtualBox USB Tablet] on usb-0000:00:06.0-1/input0
[    1.670720] ata3: SATA link up 3.0 Gbps (SStatus 123 SControl 300)
[    1.670858] ata3.00: ATA-6: VBOX HARDDISK, 1.0, max UDMA/133
[    1.670859] ata3.00: 125829120 sectors, multi 128: LBA48 NCQ (depth 31/32)
[    1.671025] ata3.00: configured for UDMA/133
[    1.671119] scsi 2:0:0:0: Direct-Access     ATA      VBOX HARDDISK    1.0  PQ: 0 ANSI: 5
[    1.707870] sd 2:0:0:0: [sda] 125829120 512-byte logical blocks: (64.4 GB/60.0 GiB)
[    1.707875] sd 2:0:0:0: [sda] Write Protect is off
[    1.707876] sd 2:0:0:0: [sda] Mode Sense: 00 3a 00 00
[    1.707882] sd 2:0:0:0: [sda] Write cache: enabled, read cache: enabled, doesn't support DPO or FUA
[    1.708231] sd 2:0:0:0: Attached scsi generic sg1 type 0
[    1.718407]  sda: sda1 sda2 < sda5 >
[    1.718611] sd 2:0:0:0: [sda] Attached SCSI disk
[    1.729770] e1000 0000:00:08.0 eth1: (PCI:33MHz:32-bit) 08:00:27:ca:3d:c2
[    1.729772] e1000 0000:00:08.0 eth1: Intel(R) PRO/1000 Network Connection
[    1.730308] e1000 0000:00:03.0 enp0s3: renamed from eth0
[    1.746573] e1000 0000:00:08.0 enp0s8: renamed from eth1
[    1.753687] tsc: Refined TSC clocksource calibration: 3494.808 MHz
[    1.753696] clocksource: tsc: mask: 0xffffffffffffffff max_cycles: 0x326027fcdff, max_idle_ns: 440795261611 ns
[    4.217805] floppy0: no floppy controllers found
[    4.217936] work still pending
[    4.260344] VMware vmxnet3 virtual NIC driver - version 1.4.a.0-k-NAPI
[    4.266039] VMware PVSCSI driver - version 1.0.7.0-k
[    4.358204] EXT4-fs (sda1): mounted filesystem with ordered data mode. Opts: (null)
[    5.196942] systemd[1]: systemd 229 running in system mode. (+PAM +AUDIT +SELINUX +IMA +APPARMOR +SMACK +SYSVINIT +UTMP +LIBCRYPTSETUP +GCRYPT +GNUTLS +ACL +XZ -LZ4 +SECCOMP +BLKID +ELFUTILS +KMOD -IDN)
[    5.196968] systemd[1]: Detected virtualization oracle.
[    5.196970] systemd[1]: Detected architecture x86-64.
[    5.204995] systemd[1]: Set hostname to <ubuntu>.
[    6.207989] systemd[1]: Started Trigger resolvconf update for networkd DNS.
[    6.208393] systemd[1]: Set up automount Arbitrary Executable File Formats File System Automount Point.
[    6.208674] systemd[1]: Listening on Journal Socket.
[    6.208748] systemd[1]: Listening on Syslog Socket.
[    6.208796] systemd[1]: Listening on fsck to fsckd communication Socket.
[    6.208884] systemd[1]: Started Forward Password Requests to Wall Directory Watch.
[    6.982017] lp: driver loaded but no devices found
[    7.018835] ppdev: user-space parallel port driver
[    7.310662] random: crng init done
[    7.823785] EXT4-fs (sda1): re-mounted. Opts: errors=remount-ro
[    8.108064] systemd-journald[244]: Received request to flush runtime journal from PID 1
[    8.511008] [drm] Initialized
[    8.549414] vboxguest: loading out-of-tree module taints kernel.
[    8.549541] vboxguest: module verification failed: signature and/or required key missing - tainting kernel
[    8.552849] vgdrvHeartbeatInit: Setting up heartbeat to trigger every 2000 milliseconds
[    8.552942] input: Unspecified device as /devices/pci0000:00/0000:00:04.0/input/input7
[    8.553343] vboxguest: misc device minor 55, IRQ 20, I/O port d020, MMIO at 00000000f0400000 (size 0x400000)
[    8.553345] vboxguest: Successfully loaded version 5.1.24 (interface 0x00010004)
[    8.706377] piix4_smbus 0000:00:07.0: SMBus Host Controller at 0x4100, revision 0
[    8.935820] RAPL PMU: API unit is 2^-32 Joules, 4 fixed counters, 10737418240 ms ovfl timer
[    8.935821] RAPL PMU: hw unit of domain pp0-core 2^-0 Joules
[    8.935821] RAPL PMU: hw unit of domain package 2^-0 Joules
[    8.935822] RAPL PMU: hw unit of domain dram 2^-0 Joules
[    8.935822] RAPL PMU: hw unit of domain pp1-gpu 2^-0 Joules
[    9.021767] [drm] VRAM 08000000
[    9.021852] [TTM] Zone  kernel: Available graphics memory: 2022124 kiB
[    9.021852] [TTM] Initializing pool allocator
[    9.021855] [TTM] Initializing DMA pool allocator
[    9.022067] fbcon: vboxdrmfb (fb0) is primary device
[    9.028806] Console: switching to colour frame buffer device 100x37
[    9.029653] vboxvideo 0000:00:02.0: fb0: vboxdrmfb frame buffer device
[    9.045658] [drm] Initialized vboxvideo 1.0.0 20130823 for 0000:00:02.0 on minor 0
[    9.494557] AVX version of gcm_enc/dec engaged.
[    9.494560] AES CTR mode by8 optimization enabled
[   10.525479] snd_intel8x0 0000:00:05.0: white list rate for 1028:0177 is 48000
[   10.550980] audit: type=1400 audit(1501327199.176:2): apparmor="STATUS" operation="profile_load" profile="unconfined" name="/sbin/dhclient" pid=498 comm="apparmor_parser"
[   10.550981] audit: type=1400 audit(1501327199.176:3): apparmor="STATUS" operation="profile_load" profile="unconfined" name="/usr/lib/NetworkManager/nm-dhcp-client.action" pid=498 comm="apparmor_parser"
[   10.550982] audit: type=1400 audit(1501327199.176:4): apparmor="STATUS" operation="profile_load" profile="unconfined" name="/usr/lib/NetworkManager/nm-dhcp-helper" pid=498 comm="apparmor_parser"
[   10.550982] audit: type=1400 audit(1501327199.176:5): apparmor="STATUS" operation="profile_load" profile="unconfined" name="/usr/lib/connman/scripts/dhclient-script" pid=498 comm="apparmor_parser"
[   10.575801] audit: type=1400 audit(1501327199.200:6): apparmor="STATUS" operation="profile_load" profile="unconfined" name="/usr/lib/lightdm/lightdm-guest-session" pid=497 comm="apparmor_parser"
[   10.575803] audit: type=1400 audit(1501327199.200:7): apparmor="STATUS" operation="profile_load" profile="unconfined" name="/usr/lib/lightdm/lightdm-guest-session//chromium" pid=497 comm="apparmor_parser"
[   10.654955] audit: type=1400 audit(1501327199.280:8): apparmor="STATUS" operation="profile_load" profile="unconfined" name="/usr/bin/evince" pid=501 comm="apparmor_parser"
[   10.654957] audit: type=1400 audit(1501327199.280:9): apparmor="STATUS" operation="profile_load" profile="unconfined" name="/usr/bin/evince//sanitized_helper" pid=501 comm="apparmor_parser"
[   10.654957] audit: type=1400 audit(1501327199.280:10): apparmor="STATUS" operation="profile_load" profile="unconfined" name="/usr/bin/evince-previewer" pid=501 comm="apparmor_parser"
[   10.654958] audit: type=1400 audit(1501327199.280:11): apparmor="STATUS" operation="profile_load" profile="unconfined" name="/usr/bin/evince-previewer//sanitized_helper" pid=501 comm="apparmor_parser"
[   11.667797] Adding 4192252k swap on /dev/sda5.  Priority:-1 extents:1 across:4192252k FS
[   12.153477] floppy0: no floppy controllers found
[   12.153590] work still pending
[   15.798024] vboxsf: Successfully loaded version 5.1.24 (interface 0x00010004)
[   16.332837] VBoxService 5.1.24 r117012 (verbosity: 0) linux.amd64 (Jul 17 2017 17:16:12) release log
               00:00:00.000045 main     Log opened 2017-07-29T11:20:04.961030000Z
[   16.332876] 00:00:00.000106 main     OS Product: Linux
[   16.332895] 00:00:00.000129 main     OS Release: 4.10.0-28-generic
[   16.332913] 00:00:00.000147 main     OS Version: #32~16.04.2-Ubuntu SMP Thu Jul 20 10:19:48 UTC 2017
[   16.332941] 00:00:00.000169 main     Executable: /opt/VBoxGuestAdditions-5.1.24/sbin/VBoxService
               00:00:00.000170 main     Process ID: 885
               00:00:00.000170 main     Package type: LINUX_64BITS_GENERIC
[   16.333701] 00:00:00.000925 main     5.1.24 r117012 started. Verbose level = 0
[   16.462071] 00:00:00.129270 automount vbsvcAutoMountWorker: Shared folder 'Shared_folder' was mounted to '/media/sf_Shared_folder'
[   18.458739] IPv6: ADDRCONF(NETDEV_UP): enp0s8: link is not ready
[   18.464977] IPv6: ADDRCONF(NETDEV_UP): enp0s8: link is not ready
[   18.479840] IPv6: ADDRCONF(NETDEV_UP): enp0s3: link is not ready
[   18.485608] IPv6: ADDRCONF(NETDEV_UP): enp0s3: link is not ready
[   18.493769] e1000: enp0s3 NIC Link is Up 1000 Mbps Full Duplex, Flow Control: RX
[   18.494557] IPv6: ADDRCONF(NETDEV_CHANGE): enp0s3: link becomes ready
[    0.000000] Linux version 4.10.0-28-generic (buildd@lgw01-12) (gcc version 5.4.0 20160609 (Ubuntu 5.4.0-6ubuntu1~16.04.4) ) #32~16.04.2-Ubuntu SMP Thu Jul 20 10:19:48 UTC 2017 (Ubuntu 4.10.0-28.32~16.04.2-generic 4.10.17)
[    0.000000] Command line: BOOT_IMAGE=/boot/vmlinuz-4.10.0-28-generic root=UUID=ccbc5d52-4c18-45bf-9a82-e9dd4d6d954f ro find_preseed=/preseed.cfg auto noprompt priority=critical locale=en_US quiet
[    0.000000] KERNEL supported cpus:
[    0.000000]   Intel GenuineIntel
[    0.000000]   AMD AuthenticAMD
[    0.000000]   Centaur CentaurHauls
[    0.000000] x86/fpu: Supporting XSAVE feature 0x001: 'x87 floating point registers'
[    0.000000] x86/fpu: Supporting XSAVE feature 0x002: 'SSE registers'
[    0.000000] x86/fpu: Supporting XSAVE feature 0x004: 'AVX registers'
[    0.000000] x86/fpu: xstate_offset[2]:  576, xstate_sizes[2]:  256
[    0.000000] x86/fpu: Enabled xstate features 0x7, context size is 832 bytes, using 'standard' format.
[    0.000000] e820: BIOS-provided physical RAM map:
[    0.000000] BIOS-e820: [mem 0x0000000000000000-0x000000000009fbff] usable
[    0.000000] BIOS-e820: [mem 0x000000000009fc00-0x000000000009ffff] reserved
[    0.000000] BIOS-e820: [mem 0x00000000000f0000-0x00000000000fffff] reserved
[    0.000000] BIOS-e820: [mem 0x0000000000100000-0x00000000dffeffff] usable
[    0.000000] BIOS-e820: [mem 0x00000000dfff0000-0x00000000dfffffff] ACPI data
[    0.000000] BIOS-e820: [mem 0x00000000fec00000-0x00000000fec00fff] reserved
[    0.000000] BIOS-e820: [mem 0x00000000fee00000-0x00000000fee00fff] reserved
[    0.000000] BIOS-e820: [mem 0x00000000fffc0000-0x00000000ffffffff] reserved
[    0.000000] BIOS-e820: [mem 0x0000000100000000-0x000000011fffffff] usable
[    0.000000] NX (Execute Disable) protection: active
[    0.000000] SMBIOS 2.5 present.
[    0.000000] DMI: innotek GmbH VirtualBox/VirtualBox, BIOS VirtualBox 12/01/2006
[    0.000000] Hypervisor detected: KVM
[    0.000000] e820: update [mem 0x00000000-0x00000fff] usable ==> reserved
[    0.000000] e820: remove [mem 0x000a0000-0x000fffff] usable
[    0.000000] e820: last_pfn = 0x120000 max_arch_pfn = 0x400000000
[    0.000000] MTRR default type: uncachable
[    0.000000] MTRR variable ranges disabled:
[    0.000000] MTRR: Disabled
[    0.000000] x86/PAT: MTRRs disabled, skipping PAT initialization too.
[    0.000000] x86/PAT: Configuration [0-7]: WB  WT  UC- UC  WB  WT  UC- UC  
[    0.000000] CPU MTRRs all blank - virtualized system.
[    0.000000] e820: last_pfn = 0xdfff0 max_arch_pfn = 0x400000000
[    0.000000] found SMP MP-table at [mem 0x0009fff0-0x0009ffff] mapped at [ffff8e78c009fff0]
[    0.000000] Scanning 1 areas for low memory corruption
[    0.000000] Base memory trampoline at [ffff8e78c0099000] 99000 size 24576
[    0.000000] BRK [0x109a28000, 0x109a28fff] PGTABLE
[    0.000000] BRK [0x109a29000, 0x109a29fff] PGTABLE
[    0.000000] BRK [0x109a2a000, 0x109a2afff] PGTABLE
[    0.000000] BRK [0x109a2b000, 0x109a2bfff] PGTABLE
[    0.000000] BRK [0x109a2c000, 0x109a2cfff] PGTABLE
[    0.000000] BRK [0x109a2d000, 0x109a2dfff] PGTABLE
[    0.000000] BRK [0x109a2e000, 0x109a2efff] PGTABLE
[    0.000000] BRK [0x109a2f000, 0x109a2ffff] PGTABLE
[    0.000000] BRK [0x109a30000, 0x109a30fff] PGTABLE
[    0.000000] RAMDISK: [mem 0x3301e000-0x35806fff]
[    0.000000] ACPI: Early table checksum verification disabled
[    0.000000] ACPI: RSDP 0x00000000000E0000 000024 (v02 VBOX  )
[    0.000000] ACPI: XSDT 0x00000000DFFF0030 00003C (v01 VBOX   VBOXXSDT 00000001 ASL  00000061)
[    0.000000] ACPI: FACP 0x00000000DFFF00F0 0000F4 (v04 VBOX   VBOXFACP 00000001 ASL  00000061)
[    0.000000] ACPI: DSDT 0x00000000DFFF0470 0021C8 (v02 VBOX   VBOXBIOS 00000002 INTL 20100528)
[    0.000000] ACPI: FACS 0x00000000DFFF0200 000040
[    0.000000] ACPI: FACS 0x00000000DFFF0200 000040
[    0.000000] ACPI: APIC 0x00000000DFFF0240 00005C (v02 VBOX   VBOXAPIC 00000001 ASL  00000061)
[    0.000000] ACPI: SSDT 0x00000000DFFF02A0 0001CC (v01 VBOX   VBOXCPUT 00000002 INTL 20100528)
[    0.000000] ACPI: Local APIC address 0xfee00000
[    0.000000] No NUMA configuration found
[    0.000000] Faking a node at [mem 0x0000000000000000-0x000000011fffffff]
[    0.000000] NODE_DATA(0) allocated [mem 0x11ffd5000-0x11fffffff]
[    0.000000] kvm-clock: Using msrs 4b564d01 and 4b564d00
[    0.000000] kvm-clock: cpu 0, msr 1:1ff55001, primary cpu clock
[    0.000000] kvm-clock: using sched offset of 101414640512075 cycles
[    0.000000] clocksource: kvm-clock: mask: 0xffffffffffffffff max_cycles: 0x1cd42e4dffb, max_idle_ns: 881590591483 ns
[    0.000000] Zone ranges:
[    0.000000]   DMA      [mem 0x0000000000001000-0x0000000000ffffff]
[    0.000000]   DMA32    [mem 0x0000000001000000-0x00000000ffffffff]
[    0.000000]   Normal   [mem 0x0000000100000000-0x000000011fffffff]
[    0.000000]   Device   empty
[    0.000000] Movable zone start for each node
[    0.000000] Early memory node ranges
[    0.000000]   node   0: [mem 0x0000000000001000-0x000000000009efff]
[    0.000000]   node   0: [mem 0x0000000000100000-0x00000000dffeffff]
[    0.000000]   node   0: [mem 0x0000000100000000-0x000000011fffffff]
[    0.000000] Initmem setup node 0 [mem 0x0000000000001000-0x000000011fffffff]
[    0.000000] On node 0 totalpages: 1048462
[    0.000000]   DMA zone: 64 pages used for memmap
[    0.000000]   DMA zone: 21 pages reserved
[    0.000000]   DMA zone: 3998 pages, LIFO batch:0
[    0.000000]   DMA32 zone: 14272 pages used for memmap
[    0.000000]   DMA32 zone: 913392 pages, LIFO batch:31
[    0.000000]   Normal zone: 2048 pages used for memmap
[    0.000000]   Normal zone: 131072 pages, LIFO batch:31
[    0.000000] ACPI: PM-Timer IO Port: 0x4008
[    0.000000] ACPI: Local APIC address 0xfee00000
[    0.000000] IOAPIC[0]: apic_id 2, version 32, address 0xfec00000, GSI 0-23
[    0.000000] ACPI: INT_SRC_OVR (bus 0 bus_irq 0 global_irq 2 dfl dfl)
[    0.000000] ACPI: INT_SRC_OVR (bus 0 bus_irq 9 global_irq 9 high level)
[    0.000000] ACPI: IRQ0 used by override.
[    0.000000] ACPI: IRQ9 used by override.
[    0.000000] Using ACPI (MADT) for SMP configuration information
[    0.000000] smpboot: Allowing 2 CPUs, 0 hotplug CPUs
[    0.000000] PM: Registered nosave memory: [mem 0x00000000-0x00000fff]
[    0.000000] PM: Registered nosave memory: [mem 0x0009f000-0x0009ffff]
[    0.000000] PM: Registered nosave memory: [mem 0x000a0000-0x000effff]
[    0.000000] PM: Registered nosave memory: [mem 0x000f0000-0x000fffff]
[    0.000000] PM: Registered nosave memory: [mem 0xdfff0000-0xdfffffff]
[    0.000000] PM: Registered nosave memory: [mem 0xe0000000-0xfebfffff]
[    0.000000] PM: Registered nosave memory: [mem 0xfec00000-0xfec00fff]
[    0.000000] PM: Registered nosave memory: [mem 0xfec01000-0xfedfffff]
[    0.000000] PM: Registered nosave memory: [mem 0xfee00000-0xfee00fff]
[    0.000000] PM: Registered nosave memory: [mem 0xfee01000-0xfffbffff]
[    0.000000] PM: Registered nosave memory: [mem 0xfffc0000-0xffffffff]
[    0.000000] e820: [mem 0xe0000000-0xfebfffff] available for PCI devices
[    0.000000] Booting paravirtualized kernel on KVM
[    0.000000] clocksource: refined-jiffies: mask: 0xffffffff max_cycles: 0xffffffff, max_idle_ns: 7645519600211568 ns
[    0.000000] setup_percpu: NR_CPUS:8192 nr_cpumask_bits:2 nr_cpu_ids:2 nr_node_ids:1
[    0.000000] percpu: Embedded 36 pages/cpu @ffff8e79dfc00000 s107992 r8192 d31272 u1048576
[    0.000000] pcpu-alloc: s107992 r8192 d31272 u1048576 alloc=1*2097152
[    0.000000] pcpu-alloc: [0] 0 1 
[    0.000000] PV qspinlock hash table entries: 256 (order: 0, 4096 bytes)
[    0.000000] Built 1 zonelists in Node order, mobility grouping on.  Total pages: 1032057
[    0.000000] Policy zone: Normal
[    0.000000] Kernel command line: BOOT_IMAGE=/boot/vmlinuz-4.10.0-28-generic root=UUID=ccbc5d52-4c18-45bf-9a82-e9dd4d6d954f ro find_preseed=/preseed.cfg auto noprompt priority=critical locale=en_US quiet
[    0.000000] PID hash table entries: 4096 (order: 3, 32768 bytes)
[    0.000000] Calgary: detecting Calgary via BIOS EBDA area
[    0.000000] Calgary: Unable to locate Rio Grande table in EBDA - bailing!
[    0.000000] Memory: 3999684K/4193848K available (9060K kernel code, 1666K rwdata, 3824K rodata, 2228K init, 2364K bss, 194164K reserved, 0K cma-reserved)
[    0.000000] SLUB: HWalign=64, Order=0-3, MinObjects=0, CPUs=2, Nodes=1
[    0.000000] Hierarchical RCU implementation.
[    0.000000] 	Build-time adjustment of leaf fanout to 64.
[    0.000000] 	RCU restricting CPUs from NR_CPUS=8192 to nr_cpu_ids=2.
[    0.000000] RCU: Adjusting geometry for rcu_fanout_leaf=64, nr_cpu_ids=2
[    0.000000] NR_IRQS:524544 nr_irqs:440 16
[    0.000000] Console: colour VGA+ 80x25
[    0.000000] console [tty0] enabled
[    0.000000] tsc: Detected 3491.914 MHz processor
[    0.049618] Calibrating delay loop (skipped) preset value.. 6983.82 BogoMIPS (lpj=13967656)
[    0.049619] pid_max: default: 32768 minimum: 301
[    0.049626] ACPI: Core revision 20160930
[    0.050240] ACPI: 2 ACPI AML tables successfully acquired and loaded
[    0.050256] Security Framework initialized
[    0.050257] Yama: becoming mindful.
[    0.050265] AppArmor: AppArmor initialized
[    0.050611] Dentry cache hash table entries: 524288 (order: 10, 4194304 bytes)
[    0.051423] Inode-cache hash table entries: 262144 (order: 9, 2097152 bytes)
[    0.051620] Mount-cache hash table entries: 8192 (order: 4, 65536 bytes)
[    0.051623] Mountpoint-cache hash table entries: 8192 (order: 4, 65536 bytes)
[    0.051788] CPU: Physical Processor ID: 0
[    0.051788] CPU: Processor Core ID: 0
[    0.051799] mce: CPU supports 0 MCE banks
[    0.051817] Last level iTLB entries: 4KB 1024, 2MB 1024, 4MB 1024
[    0.051818] Last level dTLB entries: 4KB 1024, 2MB 1024, 4MB 1024, 1GB 4
[    0.051908] Freeing SMP alternatives memory: 32K
[    0.052692] ftrace: allocating 34206 entries in 134 pages
[    0.062223] smpboot: Max logical packages: 1
[    0.062442] x2apic enabled
[    0.062620] Switched APIC routing to physical x2apic.
[    0.063474] ..TIMER: vector=0x30 apic1=0 pin1=2 apic2=-1 pin2=-1
[    0.170711] smpboot: CPU0: Intel(R) Core(TM) i5-4690 CPU @ 3.50GHz (family: 0x6, model: 0x3c, stepping: 0x3)
[    0.170767] Performance Events: unsupported p6 CPU model 60 no PMU driver, software events only.
[    0.170786] KVM setup paravirtual spinlock
[    0.171423] smp: Bringing up secondary CPUs ...
[    0.171466] x86: Booting SMP configuration:
[    0.171466] .... node  #0, CPUs:      #1
[    0.171699] kvm-clock: cpu 1, msr 1:1ff55041, secondary cpu clock
[    0.171767] mce: CPU supports 0 MCE banks
[    0.173854] smp: Brought up 1 node, 2 CPUs
[    0.173855] smpboot: Total of 2 processors activated (13967.65 BogoMIPS)
[    0.174533] devtmpfs: initialized
[    0.174571] x86/mm: Memory block size: 128MB
[    0.175700] evm: security.selinux
[    0.175700] evm: security.SMACK64
[    0.175701] evm: security.SMACK64EXEC
[    0.175701] evm: security.SMACK64TRANSMUTE
[    0.175701] evm: security.SMACK64MMAP
[    0.175702] evm: security.ima
[    0.175702] evm: security.capability
[    0.175841] clocksource: jiffies: mask: 0xffffffff max_cycles: 0xffffffff, max_idle_ns: 7645041785100000 ns
[    0.175845] futex hash table entries: 512 (order: 3, 32768 bytes)
[    0.175865] pinctrl core: initialized pinctrl subsystem
[    0.175935] RTC time: 11:19:48, date: 07/29/17
[    0.176031] NET: Registered protocol family 16
[    0.191672] cpuidle: using governor ladder
[    0.203280] cpuidle: using governor menu
[    0.203284] PCCT header not found.
[    0.203346] ACPI: bus type PCI registered
[    0.203347] acpiphp: ACPI Hot Plug PCI Controller Driver version: 0.5
[    0.203442] PCI: Using configuration type 1 for base access
[    0.215942] HugeTLB registered 2 MB page size, pre-allocated 0 pages
[    0.216627] ACPI: Added _OSI(Module Device)
[    0.216628] ACPI: Added _OSI(Processor Device)
[    0.216628] ACPI: Added _OSI(3.0 _SCP Extensions)
[    0.216629] ACPI: Added _OSI(Processor Aggregator Device)
[    0.216951] ACPI: Executed 1 blocks of module-level executable AML code
[    0.219072] ACPI: Interpreter enabled
[    0.219078] ACPI: (supports S0 S5)
[    0.219079] ACPI: Using IOAPIC for interrupt routing
[    0.219178] PCI: Using host bridge windows from ACPI; if necessary, use "pci=nocrs" and report a bug
[    0.221692] ACPI: PCI Root Bridge [PCI0] (domain 0000 [bus 00-ff])
[    0.221695] acpi PNP0A03:00: _OSC: OS supports [ASPM ClockPM Segments MSI]
[    0.221698] acpi PNP0A03:00: _OSC failed (AE_NOT_FOUND); disabling ASPM
[    0.221702] acpi PNP0A03:00: fail to add MMCONFIG information, can't access extended PCI configuration space under this bridge.
[    0.221896] PCI host bridge to bus 0000:00
[    0.221898] pci_bus 0000:00: root bus resource [io  0x0000-0x0cf7 window]
[    0.221898] pci_bus 0000:00: root bus resource [io  0x0d00-0xffff window]
[    0.221899] pci_bus 0000:00: root bus resource [mem 0x000a0000-0x000bffff window]
[    0.221900] pci_bus 0000:00: root bus resource [mem 0xe0000000-0xffdfffff window]
[    0.221901] pci_bus 0000:00: root bus resource [bus 00-ff]
[    0.221927] pci 0000:00:00.0: [8086:1237] type 00 class 0x060000
[    0.222302] pci 0000:00:01.0: [8086:7000] type 00 class 0x060100
[    0.222718] pci 0000:00:01.1: [8086:7111] type 00 class 0x01018a
[    0.223028] pci 0000:00:01.1: reg 0x20: [io  0xd000-0xd00f]
[    0.223160] pci 0000:00:01.1: legacy IDE quirk: reg 0x10: [io  0x01f0-0x01f7]
[    0.223161] pci 0000:00:01.1: legacy IDE quirk: reg 0x14: [io  0x03f6]
[    0.223161] pci 0000:00:01.1: legacy IDE quirk: reg 0x18: [io  0x0170-0x0177]
[    0.223162] pci 0000:00:01.1: legacy IDE quirk: reg 0x1c: [io  0x0376]
[    0.223304] pci 0000:00:02.0: [80ee:beef] type 00 class 0x030000
[    0.227074] pci 0000:00:02.0: reg 0x10: [mem 0xe0000000-0xe7ffffff pref]
[    0.253469] pci 0000:00:03.0: [8086:100e] type 00 class 0x020000
[    0.255913] pci 0000:00:03.0: reg 0x10: [mem 0xf0000000-0xf001ffff]
[    0.259781] pci 0000:00:03.0: reg 0x18: [io  0xd010-0xd017]
[    0.269093] pci 0000:00:04.0: [80ee:cafe] type 00 class 0x088000
[    0.270986] pci 0000:00:04.0: reg 0x10: [io  0xd020-0xd03f]
[    0.272778] pci 0000:00:04.0: reg 0x14: [mem 0xf0400000-0xf07fffff]
[    0.274572] pci 0000:00:04.0: reg 0x18: [mem 0xf0800000-0xf0803fff pref]
[    0.282406] pci 0000:00:05.0: [8086:2415] type 00 class 0x040100
[    0.282524] pci 0000:00:05.0: reg 0x10: [io  0xd100-0xd1ff]
[    0.282592] pci 0000:00:05.0: reg 0x14: [io  0xd200-0xd23f]
[    0.283212] pci 0000:00:06.0: [106b:003f] type 00 class 0x0c0310
[    0.285094] pci 0000:00:06.0: reg 0x10: [mem 0xf0804000-0xf0804fff]
[    0.295983] pci 0000:00:07.0: [8086:7113] type 00 class 0x068000
[    0.296293] pci 0000:00:07.0: quirk: [io  0x4000-0x403f] claimed by PIIX4 ACPI
[    0.296299] pci 0000:00:07.0: quirk: [io  0x4100-0x410f] claimed by PIIX4 SMB
[    0.296480] pci 0000:00:08.0: [8086:100e] type 00 class 0x020000
[    0.298277] pci 0000:00:08.0: reg 0x10: [mem 0xf0820000-0xf083ffff]
[    0.302343] pci 0000:00:08.0: reg 0x18: [io  0xd240-0xd247]
[    0.309868] pci 0000:00:0d.0: [8086:2829] type 00 class 0x010601
[    0.311768] pci 0000:00:0d.0: reg 0x10: [io  0xd248-0xd24f]
[    0.315536] pci 0000:00:0d.0: reg 0x18: [io  0xd258-0xd25f]
[    0.319475] pci 0000:00:0d.0: reg 0x20: [io  0xd270-0xd27f]
[    0.321204] pci 0000:00:0d.0: reg 0x24: [mem 0xf0840000-0xf0841fff]
[    0.323823] ACPI: PCI Interrupt Link [LNKA] (IRQs 5 9 10 *11)
[    0.323960] ACPI: PCI Interrupt Link [LNKB] (IRQs 5 9 10 *11)
[    0.324013] ACPI: PCI Interrupt Link [LNKC] (IRQs 5 9 *10 11)
[    0.324065] ACPI: PCI Interrupt Link [LNKD] (IRQs 5 *9 10 11)
[    0.324144] ACPI: Enabled 2 GPEs in block 00 to 07
[    0.324325] SCSI subsystem initialized
[    0.324381] libata version 3.00 loaded.
[    0.324447] pci 0000:00:02.0: vgaarb: setting as boot VGA device
[    0.324448] pci 0000:00:02.0: vgaarb: VGA device added: decodes=io+mem,owns=io+mem,locks=none
[    0.324450] pci 0000:00:02.0: vgaarb: bridge control possible
[    0.324450] vgaarb: loaded
[    0.324467] ACPI: bus type USB registered
[    0.324480] usbcore: registered new interface driver usbfs
[    0.324484] usbcore: registered new interface driver hub
[    0.324493] usbcore: registered new device driver usb
[    0.324627] PCI: Using ACPI for IRQ routing
[    0.324628] PCI: pci_cache_line_size set to 64 bytes
[    0.324755] e820: reserve RAM buffer [mem 0x0009fc00-0x0009ffff]
[    0.324756] e820: reserve RAM buffer [mem 0xdfff0000-0xdfffffff]
[    0.324815] NetLabel: Initializing
[    0.324816] NetLabel:  domain hash size = 128
[    0.324816] NetLabel:  protocols = UNLABELED CIPSOv4 CALIPSO
[    0.324827] NetLabel:  unlabeled traffic allowed by default
[    0.325091] clocksource: Switched to clocksource kvm-clock
[    0.330586] VFS: Disk quotas dquot_6.6.0
[    0.330771] VFS: Dquot-cache hash table entries: 512 (order 0, 4096 bytes)
[    0.330836] AppArmor: AppArmor Filesystem Enabled
[    0.330868] pnp: PnP ACPI init
[    0.330915] pnp 00:00: Plug and Play ACPI device, IDs PNP0303 (active)
[    0.330959] pnp 00:01: Plug and Play ACPI device, IDs PNP0f03 (active)
[    0.331322] pnp: PnP ACPI: found 2 devices
[    0.339369] clocksource: acpi_pm: mask: 0xffffff max_cycles: 0xffffff, max_idle_ns: 2085701024 ns
[    0.339376] pci_bus 0000:00: resource 4 [io  0x0000-0x0cf7 window]
[    0.339377] pci_bus 0000:00: resource 5 [io  0x0d00-0xffff window]
[    0.339378] pci_bus 0000:00: resource 6 [mem 0x000a0000-0x000bffff window]
[    0.339379] pci_bus 0000:00: resource 7 [mem 0xe0000000-0xffdfffff window]
[    0.339406] NET: Registered protocol family 2
[    0.339528] TCP established hash table entries: 32768 (order: 6, 262144 bytes)
[    0.339591] TCP bind hash table entries: 32768 (order: 7, 524288 bytes)
[    0.339645] TCP: Hash tables configured (established 32768 bind 32768)
[    0.339657] UDP hash table entries: 2048 (order: 4, 65536 bytes)
[    0.339664] UDP-Lite hash table entries: 2048 (order: 4, 65536 bytes)
[    0.339686] NET: Registered protocol family 1
[    0.339692] pci 0000:00:00.0: Limiting direct PCI/PCI transfers
[    0.339710] pci 0000:00:01.0: Activating ISA DMA hang workarounds
[    0.339741] pci 0000:00:02.0: Video device with shadowed ROM at [mem 0x000c0000-0x000dffff]
[    0.340617] PCI: CLS 0 bytes, default 64
[    0.340643] Unpacking initramfs...
[    0.740965] Freeing initrd memory: 40868K
[    0.740968] PCI-DMA: Using software bounce buffering for IO (SWIOTLB)
[    0.740969] software IO TLB [mem 0xdbff0000-0xdfff0000] (64MB) mapped at [ffff8e799bff0000-ffff8e799ffeffff]
[    0.741076] platform rtc_cmos: registered platform RTC device (no PNP device found)
[    0.741091] Scanning for low memory corruption every 60 seconds
[    0.741471] audit: initializing netlink subsys (disabled)
[    0.741564] audit: type=2000 audit(1501777858.131:1): initialized
[    0.741718] Initialise system trusted keyrings
[    0.741831] workingset: timestamp_bits=36 max_order=20 bucket_order=0
[    0.742787] zbud: loaded
[    0.743103] squashfs: version 4.0 (2009/01/31) Phillip Lougher
[    0.743296] fuse init (API version 7.26)
[    0.746544] Key type asymmetric registered
[    0.746545] Asymmetric key parser 'x509' registered
[    0.746567] Block layer SCSI generic (bsg) driver version 0.4 loaded (major 248)
[    0.746674] io scheduler noop registered
[    0.746675] io scheduler deadline registered
[    0.746680] io scheduler cfq registered (default)
[    0.746840] intel_idle: does not run on family 6 model 60
[    0.746904] ACPI: AC Adapter [AC] (on-line)
[    0.746937] input: Power Button as /devices/LNXSYSTM:00/LNXPWRBN:00/input/input0
[    0.746939] ACPI: Power Button [PWRF]
[    0.746982] input: Sleep Button as /devices/LNXSYSTM:00/LNXSLPBN:00/input/input1
[    0.746983] ACPI: Sleep Button [SLPF]
[    0.747171] GHES: HEST is not enabled!
[    0.747329] Serial: 8250/16550 driver, 32 ports, IRQ sharing enabled
[    0.751504] Linux agpgart interface v0.103
[    0.754320] loop: module loaded
[    0.754441] ata_piix 0000:00:01.1: version 2.13
[    0.754794] scsi host0: ata_piix
[    0.754924] scsi host1: ata_piix
[    0.754948] ata1: PATA max UDMA/33 cmd 0x1f0 ctl 0x3f6 bmdma 0xd000 irq 14
[    0.754949] ata2: PATA max UDMA/33 cmd 0x170 ctl 0x376 bmdma 0xd008 irq 15
[    0.755005] libphy: Fixed MDIO Bus: probed
[    0.755005] tun: Universal TUN/TAP device driver, 1.6
[    0.755006] tun: (C) 1999-2004 Max Krasnyansky <maxk@qualcomm.com>
[    0.755226] PPP generic driver version 2.4.2
[    0.755267] ehci_hcd: USB 2.0 'Enhanced' Host Controller (EHCI) Driver
[    0.755269] ehci-pci: EHCI PCI platform driver
[    0.755276] ehci-platform: EHCI generic platform driver
[    0.755280] ohci_hcd: USB 1.1 'Open' Host Controller (OHCI) Driver
[    0.755281] ohci-pci: OHCI PCI platform driver
[    0.755699] ohci-pci 0000:00:06.0: OHCI PCI host controller
[    0.755702] ohci-pci 0000:00:06.0: new USB bus registered, assigned bus number 1
[    0.755743] ohci-pci 0000:00:06.0: irq 22, io mem 0xf0804000
[    0.817796] usb usb1: New USB device found, idVendor=1d6b, idProduct=0001
[    0.817802] usb usb1: New USB device strings: Mfr=3, Product=2, SerialNumber=1
[    0.817806] usb usb1: Product: OHCI PCI host controller
[    0.817809] usb usb1: Manufacturer: Linux 4.10.0-28-generic ohci_hcd
[    0.817813] usb usb1: SerialNumber: 0000:00:06.0
[    0.818402] hub 1-0:1.0: USB hub found
[    0.818449] hub 1-0:1.0: 12 ports detected
[    0.819544] ohci-platform: OHCI generic platform driver
[    0.819567] uhci_hcd: USB Universal Host Controller Interface driver
[    0.819745] i8042: PNP: PS/2 Controller [PNP0303:PS2K,PNP0f03:PS2M] at 0x60,0x64 irq 1,12
[    0.820850] serio: i8042 KBD port at 0x60,0x64 irq 1
[    0.820860] serio: i8042 AUX port at 0x60,0x64 irq 12
[    0.821505] mousedev: PS/2 mouse device common for all mice
[    0.822569] input: AT Translated Set 2 keyboard as /devices/platform/i8042/serio0/input/input2
[    0.823732] rtc_cmos rtc_cmos: rtc core: registered rtc_cmos as rtc0
[    0.823900] rtc_cmos rtc_cmos: alarms up to one day, 114 bytes nvram
[    0.823913] i2c /dev entries driver
[    0.824041] device-mapper: uevent: version 1.0.3
[    0.824369] device-mapper: ioctl: 4.35.0-ioctl (2016-06-23) initialised: dm-devel@redhat.com
[    0.824551] ledtrig-cpu: registered to indicate activity on CPUs
[    0.826122] NET: Registered protocol family 10
[    0.838553] Segment Routing with IPv6
[    0.838596] NET: Registered protocol family 17
[    0.838615] Key type dns_resolver registered
[    0.840158] registered taskstats version 1
[    0.840179] Loading compiled-in X.509 certificates
[    0.848104] Loaded X.509 cert 'Build time autogenerated kernel key: 1dbff672f4e4d459849c8aa71c01089bd04bfcdd'
[    0.848144] zswap: loaded using pool lzo/zbud
[    0.868710] Key type big_key registered
[    0.868714] Key type trusted registered
[    0.871243] Key type encrypted registered
[    0.871246] AppArmor: AppArmor sha1 policy hashing enabled
[    0.871248] ima: No TPM chip found, activating TPM-bypass! (rc=-19)
[    0.871266] evm: HMAC attrs: 0x1
[    0.871677]   Magic number: 9:622:328
[    0.871816] rtc_cmos rtc_cmos: setting system clock to 2017-07-29 11:19:49 UTC (1501327189)
[    0.871964] BIOS EDD facility v0.16 2004-Jun-25, 0 devices found
[    0.871964] EDD information not available.
[    0.871998] PM: Hibernation image not present or could not be loaded.
[    0.913705] ata2.00: ATAPI: VBOX CD-ROM, 1.0, max UDMA/133
[    0.914115] ata2.00: configured for UDMA/33
[    0.914762] scsi 1:0:0:0: CD-ROM            VBOX     CD-ROM           1.0  PQ: 0 ANSI: 5
[    0.927373] sr 1:0:0:0: [sr0] scsi3-mmc drive: 32x/32x xa/form2 tray
[    0.927376] cdrom: Uniform CD-ROM driver Revision: 3.20
[    0.927860] sr 1:0:0:0: Attached scsi CD-ROM sr0
[    0.928472] sr 1:0:0:0: Attached scsi generic sg0 type 5
[    0.933289] Freeing unused kernel memory: 2228K
[    0.933292] Write protecting the kernel read-only data: 14336k
[    0.934578] Freeing unused kernel memory: 1164K
[    0.936444] Freeing unused kernel memory: 272K
[    0.953153] x86/mm: Checked W+X mappings: passed, no W+X pages found.
[    0.970698] random: systemd-udevd: uninitialized urandom read (16 bytes read)
[    0.970803] random: systemd-udevd: uninitialized urandom read (16 bytes read)
[    0.970818] random: systemd-udevd: uninitialized urandom read (16 bytes read)
[    0.973649] random: udevadm: uninitialized urandom read (16 bytes read)
[    0.973691] random: udevadm: uninitialized urandom read (16 bytes read)
[    0.974506] random: udevadm: uninitialized urandom read (16 bytes read)
[    0.974585] random: udevadm: uninitialized urandom read (16 bytes read)
[    0.974603] random: udevadm: uninitialized urandom read (16 bytes read)
[    0.974935] random: udevadm: uninitialized urandom read (16 bytes read)
[    0.975007] random: udevadm: uninitialized urandom read (16 bytes read)
[    1.001970] e1000: Intel(R) PRO/1000 Network Driver - version 7.3.21-k8-NAPI
[    1.001971] e1000: Copyright (c) 1999-2006 Intel Corporation.
[    1.006565] ACPI: Video Device [GFX0] (multi-head: yes  rom: no  post: no)
[    1.006762] input: Video Bus as /devices/LNXSYSTM:00/LNXSYBUS:00/PNP0A03:00/LNXVIDEO:00/input/input4
[    1.011386] FUJITSU Extended Socket Network Device Driver - version 1.2 - Copyright (c) 2015 FUJITSU LIMITED
[    1.249520] input: ImExPS/2 Generic Explorer Mouse as /devices/platform/i8042/serio1/input/input5
[    1.252014] usb 1-1: new full-speed USB device number 2 using ohci-pci
[    1.357144] e1000 0000:00:03.0 eth0: (PCI:33MHz:32-bit) 08:00:27:47:fa:3c
[    1.357147] e1000 0000:00:03.0 eth0: Intel(R) PRO/1000 Network Connection
[    1.357165] ahci 0000:00:0d.0: version 3.0
[    1.357611] ahci 0000:00:0d.0: SSS flag set, parallel bus scan disabled
[    1.357693] ahci 0000:00:0d.0: AHCI 0001.0100 32 slots 1 ports 3 Gbps 0x1 impl SATA mode
[    1.357694] ahci 0000:00:0d.0: flags: 64bit ncq stag only ccc 
[    1.357979] scsi host2: ahci
[    1.358020] ata3: SATA max UDMA/133 abar m8192@0xf0840000 port 0xf0840100 irq 21
[    1.569877] usb 1-1: New USB device found, idVendor=80ee, idProduct=0021
[    1.569879] usb 1-1: New USB device strings: Mfr=1, Product=3, SerialNumber=0
[    1.569880] usb 1-1: Product: USB Tablet
[    1.569880] usb 1-1: Manufacturer: VirtualBox
[    1.577594] hidraw: raw HID events driver (C) Jiri Kosina
[    1.591291] random: fast init done
[    1.591537] usbcore: registered new interface driver usbhid
[    1.591537] usbhid: USB HID core driver
[    1.599261] input: VirtualBox USB Tablet as /devices/pci0000:00/0000:00:06.0/usb1/1-1/1-1:1.0/0003:80EE:0021.0001/input/input6
[    1.605244] hid-generic 0003:80EE:0021.0001: input,hidraw0: USB HID v1.10 Mouse [VirtualBox USB Tablet] on usb-0000:00:06.0-1/input0
[    1.670720] ata3: SATA link up 3.0 Gbps (SStatus 123 SControl 300)
[    1.670858] ata3.00: ATA-6: VBOX HARDDISK, 1.0, max UDMA/133
[    1.670859] ata3.00: 125829120 sectors, multi 128: LBA48 NCQ (depth 31/32)
[    1.671025] ata3.00: configured for UDMA/133
[    1.671119] scsi 2:0:0:0: Direct-Access     ATA      VBOX HARDDISK    1.0  PQ: 0 ANSI: 5
[    1.707870] sd 2:0:0:0: [sda] 125829120 512-byte logical blocks: (64.4 GB/60.0 GiB)
[    1.707875] sd 2:0:0:0: [sda] Write Protect is off
[    1.707876] sd 2:0:0:0: [sda] Mode Sense: 00 3a 00 00
[    1.707882] sd 2:0:0:0: [sda] Write cache: enabled, read cache: enabled, doesn't support DPO or FUA
[    1.708231] sd 2:0:0:0: Attached scsi generic sg1 type 0
[    1.718407]  sda: sda1 sda2 < sda5 >
[    1.718611] sd 2:0:0:0: [sda] Attached SCSI disk
[    1.729770] e1000 0000:00:08.0 eth1: (PCI:33MHz:32-bit) 08:00:27:ca:3d:c2
[    1.729772] e1000 0000:00:08.0 eth1: Intel(R) PRO/1000 Network Connection
[    1.730308] e1000 0000:00:03.0 enp0s3: renamed from eth0
[    1.746573] e1000 0000:00:08.0 enp0s8: renamed from eth1
[    1.753687] tsc: Refined TSC clocksource calibration: 3494.808 MHz
[    1.753696] clocksource: tsc: mask: 0xffffffffffffffff max_cycles: 0x326027fcdff, max_idle_ns: 440795261611 ns
[    4.217805] floppy0: no floppy controllers found
[    4.217936] work still pending
[    4.260344] VMware vmxnet3 virtual NIC driver - version 1.4.a.0-k-NAPI
[    4.266039] VMware PVSCSI driver - version 1.0.7.0-k
[    4.358204] EXT4-fs (sda1): mounted filesystem with ordered data mode. Opts: (null)
[    5.196942] systemd[1]: systemd 229 running in system mode. (+PAM +AUDIT +SELINUX +IMA +APPARMOR +SMACK +SYSVINIT +UTMP +LIBCRYPTSETUP +GCRYPT +GNUTLS +ACL +XZ -LZ4 +SECCOMP +BLKID +ELFUTILS +KMOD -IDN)
[    5.196968] systemd[1]: Detected virtualization oracle.
[    5.196970] systemd[1]: Detected architecture x86-64.
[    5.204995] systemd[1]: Set hostname to <ubuntu>.
[    6.207989] systemd[1]: Started Trigger resolvconf update for networkd DNS.
[    6.208393] systemd[1]: Set up automount Arbitrary Executable File Formats File System Automount Point.
[    6.208674] systemd[1]: Listening on Journal Socket.
[    6.208748] systemd[1]: Listening on Syslog Socket.
[    6.208796] systemd[1]: Listening on fsck to fsckd communication Socket.
[    6.208884] systemd[1]: Started Forward Password Requests to Wall Directory Watch.
[    6.982017] lp: driver loaded but no devices found
[    7.018835] ppdev: user-space parallel port driver
[    7.310662] random: crng init done
[    7.823785] EXT4-fs (sda1): re-mounted. Opts: errors=remount-ro
[    8.108064] systemd-journald[244]: Received request to flush runtime journal from PID 1
[    8.511008] [drm] Initialized
[    8.549414] vboxguest: loading out-of-tree module taints kernel.
[    8.549541] vboxguest: module verification failed: signature and/or required key missing - tainting kernel
[    8.552849] vgdrvHeartbeatInit: Setting up heartbeat to trigger every 2000 milliseconds
[    8.552942] input: Unspecified device as /devices/pci0000:00/0000:00:04.0/input/input7
[    8.553343] vboxguest: misc device minor 55, IRQ 20, I/O port d020, MMIO at 00000000f0400000 (size 0x400000)
[    8.553345] vboxguest: Successfully loaded version 5.1.24 (interface 0x00010004)
[    8.706377] piix4_smbus 0000:00:07.0: SMBus Host Controller at 0x4100, revision 0
[    8.935820] RAPL PMU: API unit is 2^-32 Joules, 4 fixed counters, 10737418240 ms ovfl timer
[    8.935821] RAPL PMU: hw unit of domain pp0-core 2^-0 Joules
